<html>
<body>
<pre>
<h1>µVision Build Log</h1>
<h2>Tool Versions:</h2>
IDE-Version: µVision V5.29.0.0
Copyright (C) 2019 ARM Ltd and ARM Germany GmbH. All rights reserved.
License Information: Tyler Urrutia, Virginia Tech, LIC=----
 
Tool Versions:
Toolchain:       MDK-Lite  Version: 5.29.0.0
Toolchain Path:  C:\Keil_v5\ARM\ARMCC\Bin
C Compiler:      Armcc.exe V5.06 update 6 (build 750)
Assembler:       Armasm.exe V5.06 update 6 (build 750)
Linker/Locator:  ArmLink.exe V5.06 update 6 (build 750)
Library Manager: ArmAr.exe V5.06 update 6 (build 750)
Hex Converter:   FromElf.exe V5.06 update 6 (build 750)
CPU DLL:         SARMCM3.DLL V5.29.0.0
Dialog DLL:      DCM.DLL V1.17.3.0
Target DLL:      lmidk-agdi.dll V???
Dialog DLL:      TCM.DLL V1.36.5.0
 
<h2>Project:</h2>
C:\Users\turru\Documents\CAN_UART\main.uvprojx
Project File Date:  04/28/2020

<h2>Output:</h2>
*** Using Compiler 'V5.06 update 6 (build 750)', folder: 'C:\Keil_v5\ARM\ARMCC\Bin'
Rebuild target 'Target 1'
assembling startup_TM4C129.s...
compiling list.c...
compiling system_TM4C129.c...
compiling can.c...
can.c(69): warning:  #177-D: variable "dummy"  was declared but never referenced
  	int dummy = 0;
can.c(70): warning:  #177-D: variable "testData"  was declared but never referenced
  	uint8_t testData[8] = { 0x00, 0x11, 0x22, 0x33, 0x44, 0x55, 0x66, 0x77 };
can.c(71): warning:  #177-D: variable "localMessageCount"  was declared but never referenced
  	unsigned int *localMessageCount = &messageCount;
can.c(55): warning:  #177-D: variable "can1_txid"  was declared but never referenced
  static int can1_txid = 24;
can.c(57): warning:  #550-D: variable "can0_log_entries"  was set but never used
  static LogEntry can0_log_entries[3];
can.c: 5 warnings, 0 errors
compiling main.c...
C:\ti\TivaWare_C_Series-2.1.4.178\inc/hw_memmap.h(51): warning:  #47-D: incompatible redefinition of macro "WATCHDOG0_BASE"  (declared at line 1915 of "C:\Users\turru\AppData\Local\Arm\Packs\Keil\TM4C_DFP\1.1.0\Device\Include\TM4C129\TM4C1294NCPDT.h")
  #define WATCHDOG0_BASE          0x40000000  // Watchdog0
C:\ti\TivaWare_C_Series-2.1.4.178\inc/hw_memmap.h(52): warning:  #47-D: incompatible redefinition of macro "WATCHDOG1_BASE"  (declared at line 1916 of "C:\Users\turru\AppData\Local\Arm\Packs\Keil\TM4C_DFP\1.1.0\Device\Include\TM4C129\TM4C1294NCPDT.h")
  #define WATCHDOG1_BASE          0x40001000  // Watchdog1
C:\ti\TivaWare_C_Series-2.1.4.178\inc/hw_memmap.h(57): warning:  #47-D: incompatible redefinition of macro "SSI0_BASE"  (declared at line 1917 of "C:\Users\turru\AppData\Local\Arm\Packs\Keil\TM4C_DFP\1.1.0\Device\Include\TM4C129\TM4C1294NCPDT.h")
  #define SSI0_BASE               0x40008000  // SSI0
C:\ti\TivaWare_C_Series-2.1.4.178\inc/hw_memmap.h(58): warning:  #47-D: incompatible redefinition of macro "SSI1_BASE"  (declared at line 1918 of "C:\Users\turru\AppData\Local\Arm\Packs\Keil\TM4C_DFP\1.1.0\Device\Include\TM4C129\TM4C1294NCPDT.h")
  #define SSI1_BASE               0x40009000  // SSI1
C:\ti\TivaWare_C_Series-2.1.4.178\inc/hw_memmap.h(59): warning:  #47-D: incompatible redefinition of macro "SSI2_BASE"  (declared at line 1919 of "C:\Users\turru\AppData\Local\Arm\Packs\Keil\TM4C_DFP\1.1.0\Device\Include\TM4C129\TM4C1294NCPDT.h")
  #define SSI2_BASE               0x4000A000  // SSI2
C:\ti\TivaWare_C_Series-2.1.4.178\inc/hw_memmap.h(60): warning:  #47-D: incompatible redefinition of macro "SSI3_BASE"  (declared at line 1920 of "C:\Users\turru\AppData\Local\Arm\Packs\Keil\TM4C_DFP\1.1.0\Device\Include\TM4C129\TM4C1294NCPDT.h")
  #define SSI3_BASE               0x4000B000  // SSI3
C:\ti\TivaWare_C_Series-2.1.4.178\inc/hw_memmap.h(61): warning:  #47-D: incompatible redefinition of macro "UART0_BASE"  (declared at line 1921 of "C:\Users\turru\AppData\Local\Arm\Packs\Keil\TM4C_DFP\1.1.0\Device\Include\TM4C129\TM4C1294NCPDT.h")
  #define UART0_BASE              0x4000C000  // UART0
C:\ti\TivaWare_C_Series-2.1.4.178\inc/hw_memmap.h(62): warning:  #47-D: incompatible redefinition of macro "UART1_BASE"  (declared at line 1922 of "C:\Users\turru\AppData\Local\Arm\Packs\Keil\TM4C_DFP\1.1.0\Device\Include\TM4C129\TM4C1294NCPDT.h")
  #define UART1_BASE              0x4000D000  // UART1
C:\ti\TivaWare_C_Series-2.1.4.178\inc/hw_memmap.h(63): warning:  #47-D: incompatible redefinition of macro "UART2_BASE"  (declared at line 1923 of "C:\Users\turru\AppData\Local\Arm\Packs\Keil\TM4C_DFP\1.1.0\Device\Include\TM4C129\TM4C1294NCPDT.h")
  #define UART2_BASE              0x4000E000  // UART2
C:\ti\TivaWare_C_Series-2.1.4.178\inc/hw_memmap.h(64): warning:  #47-D: incompatible redefinition of macro "UART3_BASE"  (declared at line 1924 of "C:\Users\turru\AppData\Local\Arm\Packs\Keil\TM4C_DFP\1.1.0\Device\Include\TM4C129\TM4C1294NCPDT.h")
  #define UART3_BASE              0x4000F000  // UART3
C:\ti\TivaWare_C_Series-2.1.4.178\inc/hw_memmap.h(65): warning:  #47-D: incompatible redefinition of macro "UART4_BASE"  (declared at line 1925 of "C:\Users\turru\AppData\Local\Arm\Packs\Keil\TM4C_DFP\1.1.0\Device\Include\TM4C129\TM4C1294NCPDT.h")
  #define UART4_BASE              0x40010000  // UART4
C:\ti\TivaWare_C_Series-2.1.4.178\inc/hw_memmap.h(66): warning:  #47-D: incompatible redefinition of macro "UART5_BASE"  (declared at line 1926 of "C:\Users\turru\AppData\Local\Arm\Packs\Keil\TM4C_DFP\1.1.0\Device\Include\TM4C129\TM4C1294NCPDT.h")
  #define UART5_BASE              0x40011000  // UART5
C:\ti\TivaWare_C_Series-2.1.4.178\inc/hw_memmap.h(67): warning:  #47-D: incompatible redefinition of macro "UART6_BASE"  (declared at line 1927 of "C:\Users\turru\AppData\Local\Arm\Packs\Keil\TM4C_DFP\1.1.0\Device\Include\TM4C129\TM4C1294NCPDT.h")
  #define UART6_BASE              0x40012000  // UART6
C:\ti\TivaWare_C_Series-2.1.4.178\inc/hw_memmap.h(68): warning:  #47-D: incompatible redefinition of macro "UART7_BASE"  (declared at line 1928 of "C:\Users\turru\AppData\Local\Arm\Packs\Keil\TM4C_DFP\1.1.0\Device\Include\TM4C129\TM4C1294NCPDT.h")
  #define UART7_BASE              0x40013000  // UART7
C:\ti\TivaWare_C_Series-2.1.4.178\inc/hw_memmap.h(69): warning:  #47-D: incompatible redefinition of macro "I2C0_BASE"  (declared at line 1929 of "C:\Users\turru\AppData\Local\Arm\Packs\Keil\TM4C_DFP\1.1.0\Device\Include\TM4C129\TM4C1294NCPDT.h")
  #define I2C0_BASE               0x40020000  // I2C0
C:\ti\TivaWare_C_Series-2.1.4.178\inc/hw_memmap.h(70): warning:  #47-D: incompatible redefinition of macro "I2C1_BASE"  (declared at line 1930 of "C:\Users\turru\AppData\Local\Arm\Packs\Keil\TM4C_DFP\1.1.0\Device\Include\TM4C129\TM4C1294NCPDT.h")
  #define I2C1_BASE               0x40021000  // I2C1
C:\ti\TivaWare_C_Series-2.1.4.178\inc/hw_memmap.h(71): warning:  #47-D: incompatible redefinition of macro "I2C2_BASE"  (declared at line 1931 of "C:\Users\turru\AppData\Local\Arm\Packs\Keil\TM4C_DFP\1.1.0\Device\Include\TM4C129\TM4C1294NCPDT.h")
  #define I2C2_BASE               0x40022000  // I2C2
C:\ti\TivaWare_C_Series-2.1.4.178\inc/hw_memmap.h(72): warning:  #47-D: incompatible redefinition of macro "I2C3_BASE"  (declared at line 1932 of "C:\Users\turru\AppData\Local\Arm\Packs\Keil\TM4C_DFP\1.1.0\Device\Include\TM4C129\TM4C1294NCPDT.h")
  #define I2C3_BASE               0x40023000  // I2C3
C:\ti\TivaWare_C_Series-2.1.4.178\inc/hw_memmap.h(77): warning:  #47-D: incompatible redefinition of macro "PWM0_BASE"  (declared at line 1933 of "C:\Users\turru\AppData\Local\Arm\Packs\Keil\TM4C_DFP\1.1.0\Device\Include\TM4C129\TM4C1294NCPDT.h")
  #define PWM0_BASE               0x40028000  // Pulse Width Modulator (PWM)
C:\ti\TivaWare_C_Series-2.1.4.178\inc/hw_memmap.h(79): warning:  #47-D: incompatible redefinition of macro "QEI0_BASE"  (declared at line 1934 of "C:\Users\turru\AppData\Local\Arm\Packs\Keil\TM4C_DFP\1.1.0\Device\Include\TM4C129\TM4C1294NCPDT.h")
  #define QEI0_BASE               0x4002C000  // QEI0
C:\ti\TivaWare_C_Series-2.1.4.178\inc/hw_memmap.h(81): warning:  #47-D: incompatible redefinition of macro "TIMER0_BASE"  (declared at line 1935 of "C:\Users\turru\AppData\Local\Arm\Packs\Keil\TM4C_DFP\1.1.0\Device\Include\TM4C129\TM4C1294NCPDT.h")
  #define TIMER0_BASE             0x40030000  // Timer0
C:\ti\TivaWare_C_Series-2.1.4.178\inc/hw_memmap.h(82): warning:  #47-D: incompatible redefinition of macro "TIMER1_BASE"  (declared at line 1936 of "C:\Users\turru\AppData\Local\Arm\Packs\Keil\TM4C_DFP\1.1.0\Device\Include\TM4C129\TM4C1294NCPDT.h")
  #define TIMER1_BASE             0x40031000  // Timer1
C:\ti\TivaWare_C_Series-2.1.4.178\inc/hw_memmap.h(83): warning:  #47-D: incompatible redefinition of macro "TIMER2_BASE"  (declared at line 1937 of "C:\Users\turru\AppData\Local\Arm\Packs\Keil\TM4C_DFP\1.1.0\Device\Include\TM4C129\TM4C1294NCPDT.h")
  #define TIMER2_BASE             0x40032000  // Timer2
C:\ti\TivaWare_C_Series-2.1.4.178\inc/hw_memmap.h(84): warning:  #47-D: incompatible redefinition of macro "TIMER3_BASE"  (declared at line 1938 of "C:\Users\turru\AppData\Local\Arm\Packs\Keil\TM4C_DFP\1.1.0\Device\Include\TM4C129\TM4C1294NCPDT.h")
  #define TIMER3_BASE             0x40033000  // Timer3
C:\ti\TivaWare_C_Series-2.1.4.178\inc/hw_memmap.h(85): warning:  #47-D: incompatible redefinition of macro "TIMER4_BASE"  (declared at line 1939 of "C:\Users\turru\AppData\Local\Arm\Packs\Keil\TM4C_DFP\1.1.0\Device\Include\TM4C129\TM4C1294NCPDT.h")
  #define TIMER4_BASE             0x40034000  // Timer4
C:\ti\TivaWare_C_Series-2.1.4.178\inc/hw_memmap.h(86): warning:  #47-D: incompatible redefinition of macro "TIMER5_BASE"  (declared at line 1940 of "C:\Users\turru\AppData\Local\Arm\Packs\Keil\TM4C_DFP\1.1.0\Device\Include\TM4C129\TM4C1294NCPDT.h")
  #define TIMER5_BASE             0x40035000  // Timer5
C:\ti\TivaWare_C_Series-2.1.4.178\inc/hw_memmap.h(89): warning:  #47-D: incompatible redefinition of macro "ADC0_BASE"  (declared at line 1941 of "C:\Users\turru\AppData\Local\Arm\Packs\Keil\TM4C_DFP\1.1.0\Device\Include\TM4C129\TM4C1294NCPDT.h")
  #define ADC0_BASE               0x40038000  // ADC0
C:\ti\TivaWare_C_Series-2.1.4.178\inc/hw_memmap.h(90): warning:  #47-D: incompatible redefinition of macro "ADC1_BASE"  (declared at line 1942 of "C:\Users\turru\AppData\Local\Arm\Packs\Keil\TM4C_DFP\1.1.0\Device\Include\TM4C129\TM4C1294NCPDT.h")
  #define ADC1_BASE               0x40039000  // ADC1
C:\ti\TivaWare_C_Series-2.1.4.178\inc/hw_memmap.h(91): warning:  #47-D: incompatible redefinition of macro "COMP_BASE"  (declared at line 1943 of "C:\Users\turru\AppData\Local\Arm\Packs\Keil\TM4C_DFP\1.1.0\Device\Include\TM4C129\TM4C1294NCPDT.h")
  #define COMP_BASE               0x4003C000  // Analog comparators
C:\ti\TivaWare_C_Series-2.1.4.178\inc/hw_memmap.h(93): warning:  #47-D: incompatible redefinition of macro "CAN0_BASE"  (declared at line 1944 of "C:\Users\turru\AppData\Local\Arm\Packs\Keil\TM4C_DFP\1.1.0\Device\Include\TM4C129\TM4C1294NCPDT.h")
  #define CAN0_BASE               0x40040000  // CAN0
C:\ti\TivaWare_C_Series-2.1.4.178\inc/hw_memmap.h(94): warning:  #47-D: incompatible redefinition of macro "CAN1_BASE"  (declared at line 1945 of "C:\Users\turru\AppData\Local\Arm\Packs\Keil\TM4C_DFP\1.1.0\Device\Include\TM4C129\TM4C1294NCPDT.h")
  #define CAN1_BASE               0x40041000  // CAN1
C:\ti\TivaWare_C_Series-2.1.4.178\inc/hw_memmap.h(99): warning:  #47-D: incompatible redefinition of macro "USB0_BASE"  (declared at line 1946 of "C:\Users\turru\AppData\Local\Arm\Packs\Keil\TM4C_DFP\1.1.0\Device\Include\TM4C129\TM4C1294NCPDT.h")
  #define USB0_BASE               0x40050000  // USB 0 Controller
C:\ti\TivaWare_C_Series-2.1.4.178\inc/hw_memmap.h(121): warning:  #47-D: incompatible redefinition of macro "EEPROM_BASE"  (declared at line 1962 of "C:\Users\turru\AppData\Local\Arm\Packs\Keil\TM4C_DFP\1.1.0\Device\Include\TM4C129\TM4C1294NCPDT.h")
  #define EEPROM_BASE             0x400AF000  // EEPROM memory
C:\ti\TivaWare_C_Series-2.1.4.178\inc/hw_memmap.h(123): warning:  #47-D: incompatible redefinition of macro "I2C8_BASE"  (declared at line 1963 of "C:\Users\turru\AppData\Local\Arm\Packs\Keil\TM4C_DFP\1.1.0\Device\Include\TM4C129\TM4C1294NCPDT.h")
  #define I2C8_BASE               0x400B8000  // I2C8
C:\ti\TivaWare_C_Series-2.1.4.178\inc/hw_memmap.h(124): warning:  #47-D: incompatible redefinition of macro "I2C9_BASE"  (declared at line 1964 of "C:\Users\turru\AppData\Local\Arm\Packs\Keil\TM4C_DFP\1.1.0\Device\Include\TM4C129\TM4C1294NCPDT.h")
  #define I2C9_BASE               0x400B9000  // I2C9
C:\ti\TivaWare_C_Series-2.1.4.178\inc/hw_memmap.h(125): warning:  #47-D: incompatible redefinition of macro "I2C4_BASE"  (declared at line 1965 of "C:\Users\turru\AppData\Local\Arm\Packs\Keil\TM4C_DFP\1.1.0\Device\Include\TM4C129\TM4C1294NCPDT.h")
  #define I2C4_BASE               0x400C0000  // I2C4
C:\ti\TivaWare_C_Series-2.1.4.178\inc/hw_memmap.h(126): warning:  #47-D: incompatible redefinition of macro "I2C5_BASE"  (declared at line 1966 of "C:\Users\turru\AppData\Local\Arm\Packs\Keil\TM4C_DFP\1.1.0\Device\Include\TM4C129\TM4C1294NCPDT.h")
  #define I2C5_BASE               0x400C1000  // I2C5
C:\ti\TivaWare_C_Series-2.1.4.178\inc/hw_memmap.h(127): warning:  #47-D: incompatible redefinition of macro "I2C6_BASE"  (declared at line 1967 of "C:\Users\turru\AppData\Local\Arm\Packs\Keil\TM4C_DFP\1.1.0\Device\Include\TM4C129\TM4C1294NCPDT.h")
  #define I2C6_BASE               0x400C2000  // I2C6
C:\ti\TivaWare_C_Series-2.1.4.178\inc/hw_memmap.h(128): warning:  #47-D: incompatible redefinition of macro "I2C7_BASE"  (declared at line 1968 of "C:\Users\turru\AppData\Local\Arm\Packs\Keil\TM4C_DFP\1.1.0\Device\Include\TM4C129\TM4C1294NCPDT.h")
  #define I2C7_BASE               0x400C3000  // I2C7
C:\ti\TivaWare_C_Series-2.1.4.178\inc/hw_memmap.h(129): warning:  #47-D: incompatible redefinition of macro "EPI0_BASE"  (declared at line 1969 of "C:\Users\turru\AppData\Local\Arm\Packs\Keil\TM4C_DFP\1.1.0\Device\Include\TM4C129\TM4C1294NCPDT.h")
  #define EPI0_BASE               0x400D0000  // EPI0
C:\ti\TivaWare_C_Series-2.1.4.178\inc/hw_memmap.h(130): warning:  #47-D: incompatible redefinition of macro "TIMER6_BASE"  (declared at line 1970 of "C:\Users\turru\AppData\Local\Arm\Packs\Keil\TM4C_DFP\1.1.0\Device\Include\TM4C129\TM4C1294NCPDT.h")
  #define TIMER6_BASE             0x400E0000  // General-Purpose Timers
C:\ti\TivaWare_C_Series-2.1.4.178\inc/hw_memmap.h(131): warning:  #47-D: incompatible redefinition of macro "TIMER7_BASE"  (declared at line 1971 of "C:\Users\turru\AppData\Local\Arm\Packs\Keil\TM4C_DFP\1.1.0\Device\Include\TM4C129\TM4C1294NCPDT.h")
  #define TIMER7_BASE             0x400E1000  // General-Purpose Timers
C:\ti\TivaWare_C_Series-2.1.4.178\inc/hw_memmap.h(132): warning:  #47-D: incompatible redefinition of macro "EMAC0_BASE"  (declared at line 1972 of "C:\Users\turru\AppData\Local\Arm\Packs\Keil\TM4C_DFP\1.1.0\Device\Include\TM4C129\TM4C1294NCPDT.h")
  #define EMAC0_BASE              0x400EC000  // Ethernet Controller
C:\ti\TivaWare_C_Series-2.1.4.178\inc/hw_memmap.h(133): warning:  #47-D: incompatible redefinition of macro "SYSEXC_BASE"  (declared at line 1973 of "C:\Users\turru\AppData\Local\Arm\Packs\Keil\TM4C_DFP\1.1.0\Device\Include\TM4C129\TM4C1294NCPDT.h")
  #define SYSEXC_BASE             0x400F9000  // System Exception Module
C:\ti\TivaWare_C_Series-2.1.4.178\inc/hw_memmap.h(134): warning:  #47-D: incompatible redefinition of macro "HIB_BASE"  (declared at line 1974 of "C:\Users\turru\AppData\Local\Arm\Packs\Keil\TM4C_DFP\1.1.0\Device\Include\TM4C129\TM4C1294NCPDT.h")
  #define HIB_BASE                0x400FC000  // Hibernation Module
C:\ti\TivaWare_C_Series-2.1.4.178\inc/hw_memmap.h(135): warning:  #47-D: incompatible redefinition of macro "FLASH_CTRL_BASE"  (declared at line 1975 of "C:\Users\turru\AppData\Local\Arm\Packs\Keil\TM4C_DFP\1.1.0\Device\Include\TM4C129\TM4C1294NCPDT.h")
  #define FLASH_CTRL_BASE         0x400FD000  // FLASH Controller
C:\ti\TivaWare_C_Series-2.1.4.178\inc/hw_memmap.h(136): warning:  #47-D: incompatible redefinition of macro "SYSCTL_BASE"  (declared at line 1976 of "C:\Users\turru\AppData\Local\Arm\Packs\Keil\TM4C_DFP\1.1.0\Device\Include\TM4C129\TM4C1294NCPDT.h")
  #define SYSCTL_BASE             0x400FE000  // System Control
C:\ti\TivaWare_C_Series-2.1.4.178\inc/hw_memmap.h(137): warning:  #47-D: incompatible redefinition of macro "UDMA_BASE"  (declared at line 1977 of "C:\Users\turru\AppData\Local\Arm\Packs\Keil\TM4C_DFP\1.1.0\Device\Include\TM4C129\TM4C1294NCPDT.h")
  #define UDMA_BASE               0x400FF000  // uDMA Controller
C:\ti\TivaWare_C_Series-2.1.4.178\inc/hw_memmap.h(138): warning:  #47-D: incompatible redefinition of macro "CCM0_BASE"  (declared at line 1978 of "C:\Users\turru\AppData\Local\Arm\Packs\Keil\TM4C_DFP\1.1.0\Device\Include\TM4C129\TM4C1294NCPDT.h")
  #define CCM0_BASE               0x44030000  // Cyclical Redundancy Check (CRC)
C:\ti\TivaWare_C_Series-2.1.4.178\inc/hw_memmap.h(145): warning:  #47-D: incompatible redefinition of macro "ITM_BASE"  (declared at line 1546 of "C:\Users\turru\AppData\Local\Arm\Packs\ARM\CMSIS\5.6.0\CMSIS\Core\Include\core_cm4.h")
  #define ITM_BASE                0xE0000000  // Instrumentation Trace Macrocell
C:\ti\TivaWare_C_Series-2.1.4.178\inc/hw_memmap.h(146): warning:  #47-D: incompatible redefinition of macro "DWT_BASE"  (declared at line 1547 of "C:\Users\turru\AppData\Local\Arm\Packs\ARM\CMSIS\5.6.0\CMSIS\Core\Include\core_cm4.h")
  #define DWT_BASE                0xE0001000  // Data Watchpoint and Trace
C:\ti\TivaWare_C_Series-2.1.4.178\inc/hw_memmap.h(148): warning:  #47-D: incompatible redefinition of macro "NVIC_BASE"  (declared at line 1551 of "C:\Users\turru\AppData\Local\Arm\Packs\ARM\CMSIS\5.6.0\CMSIS\Core\Include\core_cm4.h")
  #define NVIC_BASE               0xE000E000  // Nested Vectored Interrupt Ctrl
main.c(219): warning:  #177-D: variable "dummy"  was declared but never referenced
  	int dummy = 0;
main.c: 53 warnings, 0 errors
linking...
Program Size: Code=3240 RO-data=1792 RW-data=64 ZI-data=260496  
".\Objects\main.axf" - 0 Error(s), 58 Warning(s).

<h2>Software Packages used:</h2>

Package Vendor: ARM
                http://www.keil.com/pack/ARM.CMSIS.5.6.0.pack
                ARM.CMSIS.5.6.0
                CMSIS (Cortex Microcontroller Software Interface Standard)
   * Component: CORE Version: 5.3.0

Package Vendor: Keil
                http://www.keil.com/pack/Keil.TM4C_DFP.1.1.0.pack
                Keil.TM4C_DFP.1.1.0
                Texas Instruments Tiva C Series Device Support and Examples
   * Component: Startup Version: 1.0.0

<h2>Collection of Component include folders:</h2>
  .\RTE\_Target_1
  C:\Users\turru\AppData\Local\Arm\Packs\ARM\CMSIS\5.6.0\CMSIS\Core\Include
  C:\Users\turru\AppData\Local\Arm\Packs\Keil\TM4C_DFP\1.1.0\Device\Include\TM4C129

<h2>Collection of Component Files used:</h2>

   * Component: ARM::CMSIS:CORE:5.3.0

   * Component: Keil::Device:Startup:1.0.0
      Source file:   Device\Source\system_TM4C129.c
      Include file:  Device\Include\TM4C129\TM4C129.h
      Source file:   Device\Source\ARM\startup_TM4C129.s
Build Time Elapsed:  00:00:01
</pre>
</body>
</html>
