Component: ARM Compiler 5.06 update 1 (build 61) Tool: armlink [4d35a8]

==============================================================================

Section Cross References

    main.o(i.HardFault_Handler) refers to main.o(i.led_Set) for led_Set
    main.o(i.LogHandler) refers to main.o(i.pcsr_WriteData) for pcsr_WriteData
    main.o(i.int_Init) refers to interrupt.o(i.IntPrioritySet) for IntPrioritySet
    main.o(i.led_Byte) refers to main.o(i.led_Set) for led_Set
    main.o(i.main) refers to fpu.o(i.FPUEnable) for FPUEnable
    main.o(i.main) refers to main.o(i.int_Init) for int_Init
    main.o(i.main) refers to main.o(i.led_Init) for led_Init
    main.o(i.main) refers to can.o(i.button_Init) for button_Init
    main.o(i.main) refers to can.o(i.can_Init) for can_Init
    main.o(i.main) refers to sysctl.o(i.SysCtlClockFreqSet) for SysCtlClockFreqSet
    main.o(i.pcsr_Init) refers to lludivv7m.o(.text) for __aeabi_uldivmod
    main.o(i.pcsr_ReadData) refers to uart.o(i.UARTCharGet) for UARTCharGet
    main.o(i.pcsr_WriteData) refers to uart.o(i.UARTCharPut) for UARTCharPut
    can.o(.rev16_text) refers (Special) to fdtree.o(i.__use_realtime_heap) for __use_realtime_heap
    can.o(.revsh_text) refers (Special) to fdtree.o(i.__use_realtime_heap) for __use_realtime_heap
    can.o(.rrx_text) refers (Special) to fdtree.o(i.__use_realtime_heap) for __use_realtime_heap
    can.o(i.CAN0_Handler) refers (Special) to fdtree.o(i.__use_realtime_heap) for __use_realtime_heap
    can.o(i.CAN0_Handler) refers to can.o(i.CANIntStatus) for CANIntStatus
    can.o(i.CAN0_Handler) refers to can.o(i.CANMessageGet) for CANMessageGet
    can.o(i.CAN0_Handler) refers to can.o(i.CANMessageSet) for CANMessageSet
    can.o(i.CAN0_Handler) refers to main.o(i.led_Set) for led_Set
    can.o(i.CAN0_Handler) refers to can.o(.data) for messageCount
    can.o(i.CAN1_Handler) refers (Special) to fdtree.o(i.__use_realtime_heap) for __use_realtime_heap
    can.o(i.CAN1_Handler) refers to can.o(i.CANIntStatus) for CANIntStatus
    can.o(i.CAN1_Handler) refers to can.o(i.CANMessageGet) for CANMessageGet
    can.o(i.CAN1_Handler) refers to can.o(i.CANMessageSet) for CANMessageSet
    can.o(i.CAN1_Handler) refers to can.o(.bss) for can1_log_entries
    can.o(i.CAN1_Handler) refers to can.o(.data) for can1_log_entry_num
    can.o(i.SetReceiveAll) refers (Special) to fdtree.o(i.__use_realtime_heap) for __use_realtime_heap
    can.o(i.SetReceiveAll) refers to can.o(i.CANInit) for CANInit
    can.o(i.SetReceiveAll) refers to can.o(i.CANBitTimingSet) for CANBitTimingSet
    can.o(i.SetReceiveAll) refers to can.o(i.CANEnable) for CANEnable
    can.o(i.SetReceiveAll) refers to can.o(i.CANMessageSet) for CANMessageSet
    can.o(i.SetReceiveAll) refers to can.o(i.CANIntRegister) for CANIntRegister
    can.o(i.SetReceiveAll) refers to can.o(i.CANIntEnable) for CANIntEnable
    can.o(i.SetReceiveAll) refers to can.o(.data) for CANBitClk
    can.o(i.button_Init) refers (Special) to fdtree.o(i.__use_realtime_heap) for __use_realtime_heap
    can.o(i.button_Init) refers to sysctl.o(i.SysCtlPeripheralEnable) for SysCtlPeripheralEnable
    can.o(i.button_Init) refers to gpio.o(i.GPIOPinTypeGPIOInput) for GPIOPinTypeGPIOInput
    can.o(i.button_Init) refers to gpio.o(i.GPIOPadConfigSet) for GPIOPadConfigSet
    can.o(i.button_Init) refers to gpio.o(i.GPIOIntRegister) for GPIOIntRegister
    can.o(i.button_Init) refers to gpio.o(i.GPIOIntTypeSet) for GPIOIntTypeSet
    can.o(i.button_Init) refers to gpio.o(i.GPIOIntEnable) for GPIOIntEnable
    can.o(i.button_Init) refers to can.o(i.button_int) for button_int
    can.o(i.button_Init) refers to can.o(.data) for startRecord
    can.o(i.button_int) refers (Special) to fdtree.o(i.__use_realtime_heap) for __use_realtime_heap
    can.o(i.button_int) refers to gpio.o(i.GPIOPinRead) for GPIOPinRead
    can.o(i.button_int) refers to main.o(i.led_Set) for led_Set
    can.o(i.button_int) refers to gpio.o(i.GPIOIntClear) for GPIOIntClear
    can.o(i.button_int) refers to can.o(.data) for startRecord
    can.o(i.can_Init) refers (Special) to fdtree.o(i.__use_realtime_heap) for __use_realtime_heap
    can.o(i.can_Init) refers to interrupt.o(i.IntMasterEnable) for IntMasterEnable
    can.o(i.can_Init) refers to can.o(i.SetReceiveAll) for SetReceiveAll
    can.o(i.can_Init) refers to can.o(i.can_ResetFunctions) for can_ResetFunctions
    can.o(i.can_Init) refers to can.o(i.CAN0_Handler) for CAN0_Handler
    can.o(i.can_Init) refers to can.o(i.CAN1_Handler) for CAN1_Handler
    can.o(i.can_Inject) refers (Special) to fdtree.o(i.__use_realtime_heap) for __use_realtime_heap
    can.o(i.can_Inject) refers to can.o(i.CANMessageSet) for CANMessageSet
    can.o(i.can_ResetFunctions) refers (Special) to fdtree.o(i.__use_realtime_heap) for __use_realtime_heap
    can.o(i.can_ResetFunctions) refers to can.o(.data) for can0_log_entry_num
[...]
    heap2mt.o(i._malloc$realtime$concurrent) refers to fdtree.o(i._FDTree_RemoveNode) for _FDTree_RemoveNode
    heap2mt.o(i._malloc$realtime$concurrent) refers to fdtree.o(i._FDTree_Insert) for _FDTree_Insert
    heap2mt.o(i._posix_memalign$realtime$concurrent) refers to rt_heap_descriptor_intlibspace.o(.text) for __rt_heap_descriptor
    heap2mt.o(i._posix_memalign$realtime$concurrent) refers to fdtree.o(i._FDTree_FindFirst) for _FDTree_FindFirst
    heap2mt.o(i._posix_memalign$realtime$concurrent) refers to init_alloc.o(.text) for __Heap_Full
    heap2mt.o(i._posix_memalign$realtime$concurrent) refers to fdtree.o(i._FDTree_RemoveNode) for _FDTree_RemoveNode
    heap2mt.o(i._posix_memalign$realtime$concurrent) refers to fdtree.o(i._FDTree_Insert) for _FDTree_Insert
    heap2mt.o(i._realloc$realtime$concurrent) refers to rt_heap_descriptor_intlibspace.o(.text) for __rt_heap_descriptor
    heap2mt.o(i._realloc$realtime$concurrent) refers to fdtree.o(i._FDTree_Insert) for _FDTree_Insert
    heap2mt.o(i._realloc$realtime$concurrent) refers to heap2.o(i._free$realtime) for free
    heap2mt.o(i._realloc$realtime$concurrent) refers to heap2.o(i._malloc$realtime) for malloc
    heap2mt.o(i._realloc$realtime$concurrent) refers to fdtree.o(i._FDTree_Delete) for _FDTree_Delete
    heap2mt.o(i._realloc$realtime$concurrent) refers to rt_memcpy_w.o(.text) for __aeabi_memcpy4
    __main.o(!!!main) refers to __rtentry.o(.ARM.Collect$$rtentry$$00000000) for __rt_entry
    __rtentry.o(.ARM.Collect$$rtentry$$00000000) refers (Special) to __rtentry2.o(.ARM.Collect$$rtentry$$0000000A) for __rt_entry_li
    __rtentry.o(.ARM.Collect$$rtentry$$00000000) refers (Special) to __rtentry2.o(.ARM.Collect$$rtentry$$0000000D) for __rt_entry_main
    __rtentry.o(.ARM.Collect$$rtentry$$00000000) refers (Special) to __rtentry2.o(.ARM.Collect$$rtentry$$0000000C) for __rt_entry_postli_1
    __rtentry.o(.ARM.Collect$$rtentry$$00000000) refers (Special) to __rtentry2.o(.ARM.Collect$$rtentry$$00000009) for __rt_entry_postsh_1
    __rtentry.o(.ARM.Collect$$rtentry$$00000000) refers (Special) to __rtentry2.o(.ARM.Collect$$rtentry$$00000002) for __rt_entry_presh_1
    __rtentry.o(.ARM.Collect$$rtentry$$00000000) refers (Special) to __rtentry4.o(.ARM.Collect$$rtentry$$00000004) for __rt_entry_sh
    aeabi_ldiv0_sigfpe.o(.text) refers to rt_div0.o(.text) for __rt_div0
    rt_heap_descriptor.o(.text) refers to rt_heap_descriptor.o(.bss) for __rt_heap_descriptor_data
    rt_heap_descriptor_intlibspace.o(.text) refers to libspace.o(.bss) for __libspace_start
    init_alloc.o(.text) refers (Special) to hguard.o(.text) for __heap$guard
    init_alloc.o(.text) refers (Special) to libinit2.o(.ARM.Collect$$libinit$$00000005) for __rt_lib_init_heap_2
    init_alloc.o(.text) refers (Special) to maybetermalloc1.o(.emb_text) for _maybe_terminate_alloc
    init_alloc.o(.text) refers to heap2.o(i.___Heap_ProvideMemory$realtime) for __Heap_ProvideMemory
    init_alloc.o(.text) refers to defsig_rtmem_outer.o(.text) for __rt_SIGRTMEM
    init_alloc.o(.text) refers to rt_heap_descriptor_intlibspace.o(.text) for __rt_heap_descriptor
    init_alloc.o(.text) refers to heap2.o(i.___Heap_Initialize$realtime) for __Heap_Initialize
    h1_init_mt.o(.text) refers to mutex_dummy.o(.text) for _mutex_initialize
    _get_argv.o(.text) refers (Special) to hrguard.o(.text) for __heap_region$guard
    _get_argv.o(.text) refers to heap2.o(i._malloc$realtime) for malloc
    _get_argv.o(.text) refers to defsig_rtmem_outer.o(.text) for __rt_SIGRTMEM
    _get_argv.o(.text) refers to sys_command.o(.text) for _sys_command_string
    libinit2.o(.ARM.Collect$$libinit$$00000001) refers to fpinit.o(x$fpl$fpinit) for _fp_init
    libinit2.o(.ARM.Collect$$libinit$$00000005) refers (Weak) to init_alloc.o(.text) for _init_alloc
    libinit2.o(.ARM.Collect$$libinit$$00000010) refers to libinit2.o(.ARM.Collect$$libinit$$0000000F) for .ARM.Collect$$libinit$$0000000F
    libinit2.o(.ARM.Collect$$libinit$$00000012) refers to libinit2.o(.ARM.Collect$$libinit$$0000000F) for .ARM.Collect$$libinit$$0000000F
    libinit2.o(.ARM.Collect$$libinit$$00000014) refers to libinit2.o(.ARM.Collect$$libinit$$0000000F) for .ARM.Collect$$libinit$$0000000F
    libinit2.o(.ARM.Collect$$libinit$$00000016) refers to libinit2.o(.ARM.Collect$$libinit$$0000000F) for .ARM.Collect$$libinit$$0000000F
    libinit2.o(.ARM.Collect$$libinit$$00000018) refers to libinit2.o(.ARM.Collect$$libinit$$0000000F) for .ARM.Collect$$libinit$$0000000F
    libinit2.o(.ARM.Collect$$libinit$$00000026) refers to argv_veneer.o(.emb_text) for __ARM_argv_veneer
    libinit2.o(.ARM.Collect$$libinit$$00000027) refers to argv_veneer.o(.emb_text) for __ARM_argv_veneer
    sys_command.o(.text) refers (Special) to use_no_semi.o(.text) for __I$use$semihosting
    sys_command.o(.text) refers (Special) to indicate_semi.o(.text) for __semihosting_library_function
    libspace.o(.text) refers to libspace.o(.bss) for __libspace_start
    __rtentry2.o(.ARM.Collect$$rtentry$$00000008) refers to boardinit2.o(.text) for _platform_post_stackheap_init
    __rtentry2.o(.ARM.Collect$$rtentry$$0000000A) refers to libinit.o(.ARM.Collect$$libinit$$00000000) for __rt_lib_init
    __rtentry2.o(.ARM.Collect$$rtentry$$0000000B) refers to boardinit3.o(.text) for _platform_post_lib_init
    __rtentry2.o(.ARM.Collect$$rtentry$$0000000D) refers to main.o(i.main) for main
    __rtentry2.o(.ARM.Collect$$rtentry$$0000000D) refers to exit.o(.text) for exit
    __rtentry2.o(.ARM.exidx) refers to __rtentry2.o(.ARM.Collect$$rtentry$$00000001) for .ARM.Collect$$rtentry$$00000001
    __rtentry2.o(.ARM.exidx) refers to __rtentry2.o(.ARM.Collect$$rtentry$$00000008) for .ARM.Collect$$rtentry$$00000008
    __rtentry2.o(.ARM.exidx) refers to __rtentry2.o(.ARM.Collect$$rtentry$$0000000A) for .ARM.Collect$$rtentry$$0000000A
    __rtentry2.o(.ARM.exidx) refers to __rtentry2.o(.ARM.Collect$$rtentry$$0000000B) for .ARM.Collect$$rtentry$$0000000B
    __rtentry2.o(.ARM.exidx) refers to __rtentry2.o(.ARM.Collect$$rtentry$$0000000D) for .ARM.Collect$$rtentry$$0000000D
    __rtentry4.o(.ARM.Collect$$rtentry$$00000004) refers to sys_stackheap_outer.o(.text) for __user_setup_stackheap
    __rtentry4.o(.ARM.exidx) refers to __rtentry4.o(.ARM.Collect$$rtentry$$00000004) for .ARM.Collect$$rtentry$$00000004
    rt_div0.o(.text) refers to defsig_fpe_outer.o(.text) for __rt_SIGFPE
    maybetermalloc2.o(.emb_text) refers (Special) to term_alloc.o(.text) for _terminate_alloc
    h1_extend.o(.text) refers to heap2.o(i._free$realtime) for free
    h1_extend_mt.o(.text) refers to h1_free_mt.o(.text) for _free_internal
    defsig_rtmem_outer.o(.text) refers to defsig_rtmem_inner.o(.text) for __rt_SIGRTMEM_inner
    defsig_rtmem_outer.o(.text) refers to defsig_exit.o(.text) for __sig_exit
    defsig_rtmem_formal.o(.text) refers to rt_raise.o(.text) for __rt_raise
    heapauxa.o(.text) refers to heapauxa.o(.data) for .data
    argv_veneer.o(.emb_text) refers to no_argv.o(.text) for __ARM_get_argv
    sys_stackheap_outer.o(.text) refers to libspace.o(.text) for __user_perproc_libspace
    sys_stackheap_outer.o(.text) refers to startup_tm4c129.o(.text) for __user_initial_stackheap
    rt_raise.o(.text) refers to __raise.o(.text) for __raise
    rt_raise.o(.text) refers to sys_exit.o(.text) for _sys_exit
    term_alloc.o(.text) refers (Special) to libshutdown2.o(.ARM.Collect$$libshutdown$$0000000E) for __rt_lib_shutdown_heap_2
    term_alloc.o(.text) refers to rt_heap_descriptor_intlibspace.o(.text) for __rt_heap_descriptor
    term_alloc.o(.text) refers to heap2.o(i.___Heap_Finalize$realtime) for __Heap_Finalize
    exit.o(.text) refers to rtexit.o(.ARM.Collect$$rtexit$$00000000) for __rt_exit
    defsig_exit.o(.text) refers to sys_exit.o(.text) for _sys_exit
    defsig_fpe_outer.o(.text) refers to defsig_fpe_inner.o(.text) for __rt_SIGFPE_inner
    defsig_fpe_outer.o(.text) refers to defsig_exit.o(.text) for __sig_exit
    defsig_fpe_formal.o(.text) refers to rt_raise.o(.text) for __rt_raise
    defsig_rtmem_inner.o(.text) refers to defsig_general.o(.text) for __default_signal_display
    _get_argv_nomalloc.o(.text) refers (Special) to hrguard.o(.text) for __heap_region$guard
    _get_argv_nomalloc.o(.text) refers to defsig_rtmem_outer.o(.text) for __rt_SIGRTMEM
    _get_argv_nomalloc.o(.text) refers to sys_command.o(.text) for _sys_command_string
    libinit.o(.ARM.Collect$$libinit$$00000000) refers (Special) to libinit2.o(.ARM.Collect$$libinit$$0000002E) for __rt_lib_init_alloca_1
    libinit.o(.ARM.Collect$$libinit$$00000000) refers (Special) to libinit2.o(.ARM.Collect$$libinit$$0000002C) for __rt_lib_init_argv_1
    libinit.o(.ARM.Collect$$libinit$$00000000) refers (Special) to libinit2.o(.ARM.Collect$$libinit$$0000001B) for __rt_lib_init_atexit_1
    libinit.o(.ARM.Collect$$libinit$$00000000) refers (Special) to libinit2.o(.ARM.Collect$$libinit$$00000021) for __rt_lib_init_clock_1
    libinit.o(.ARM.Collect$$libinit$$00000000) refers (Special) to libinit2.o(.ARM.Collect$$libinit$$00000032) for __rt_lib_init_cpp_1
    libinit.o(.ARM.Collect$$libinit$$00000000) refers (Special) to libinit2.o(.ARM.Collect$$libinit$$00000030) for __rt_lib_init_exceptions_1
    libinit.o(.ARM.Collect$$libinit$$00000000) refers (Special) to libinit2.o(.ARM.Collect$$libinit$$00000001) for __rt_lib_init_fp_1
    libinit.o(.ARM.Collect$$libinit$$00000000) refers (Special) to libinit2.o(.ARM.Collect$$libinit$$0000001F) for __rt_lib_init_fp_trap_1
    libinit.o(.ARM.Collect$$libinit$$00000000) refers (Special) to libinit2.o(.ARM.Collect$$libinit$$00000023) for __rt_lib_init_getenv_1
    libinit.o(.ARM.Collect$$libinit$$00000000) refers (Special) to libinit2.o(.ARM.Collect$$libinit$$0000000A) for __rt_lib_init_heap_1
    libinit.o(.ARM.Collect$$libinit$$00000000) refers (Special) to libinit2.o(.ARM.Collect$$libinit$$00000011) for __rt_lib_init_lc_collate_1
    libinit.o(.ARM.Collect$$libinit$$00000000) refers (Special) to libinit2.o(.ARM.Collect$$libinit$$00000013) for __rt_lib_init_lc_ctype_1
    libinit.o(.ARM.Collect$$libinit$$00000000) refers (Special) to libinit2.o(.ARM.Collect$$libinit$$00000015) for __rt_lib_init_lc_monetary_1
    libinit.o(.ARM.Collect$$libinit$$00000000) refers (Special) to libinit2.o(.ARM.Collect$$libinit$$00000017) for __rt_lib_init_lc_numeric_1
    libinit.o(.ARM.Collect$$libinit$$00000000) refers (Special) to libinit2.o(.ARM.Collect$$libinit$$00000019) for __rt_lib_init_lc_time_1
    libinit.o(.ARM.Collect$$libinit$$00000000) refers (Special) to libinit2.o(.ARM.Collect$$libinit$$00000004) for __rt_lib_init_preinit_1
    libinit.o(.ARM.Collect$$libinit$$00000000) refers (Special) to libinit2.o(.ARM.Collect$$libinit$$0000000E) for __rt_lib_init_rand_1
    libinit.o(.ARM.Collect$$libinit$$00000000) refers (Special) to libinit2.o(.ARM.Collect$$libinit$$00000033) for __rt_lib_init_return
    libinit.o(.ARM.Collect$$libinit$$00000000) refers (Special) to libinit2.o(.ARM.Collect$$libinit$$0000001D) for __rt_lib_init_signal_1
    libinit.o(.ARM.Collect$$libinit$$00000000) refers (Special) to libinit2.o(.ARM.Collect$$libinit$$00000025) for __rt_lib_init_stdio_1
    libinit.o(.ARM.Collect$$libinit$$00000000) refers (Special) to libinit2.o(.ARM.Collect$$libinit$$0000000C) for __rt_lib_init_user_alloc_1
    sys_exit.o(.text) refers (Special) to use_no_semi.o(.text) for __I$use$semihosting
    sys_exit.o(.text) refers (Special) to indicate_semi.o(.text) for __semihosting_library_function
    rtexit.o(.ARM.Collect$$rtexit$$00000000) refers (Special) to rtexit2.o(.ARM.Collect$$rtexit$$00000004) for __rt_exit_exit
    rtexit.o(.ARM.Collect$$rtexit$$00000000) refers (Special) to rtexit2.o(.ARM.Collect$$rtexit$$00000003) for __rt_exit_ls
    rtexit.o(.ARM.Collect$$rtexit$$00000000) refers (Special) to rtexit2.o(.ARM.Collect$$rtexit$$00000002) for __rt_exit_prels_1
    rtexit.o(.ARM.exidx) refers (Special) to rtexit2.o(.ARM.Collect$$rtexit$$00000004) for __rt_exit_exit
    rtexit.o(.ARM.exidx) refers (Special) to rtexit2.o(.ARM.Collect$$rtexit$$00000003) for __rt_exit_ls
    rtexit.o(.ARM.exidx) refers (Special) to rtexit2.o(.ARM.Collect$$rtexit$$00000002) for __rt_exit_prels_1
    rtexit.o(.ARM.exidx) refers to rtexit.o(.ARM.Collect$$rtexit$$00000000) for .ARM.Collect$$rtexit$$00000000
    __raise.o(.text) refers to defsig.o(CL$$defsig) for __default_signal_handler
    defsig_general.o(.text) refers to sys_wrch.o(.text) for _ttywrch
    defsig_fpe_inner.o(.text) refers to defsig_general.o(.text) for __default_signal_display
    libshutdown2.o(.ARM.Collect$$libshutdown$$0000000D) refers (Weak) to term_alloc.o(.text) for _terminate_alloc
    sys_wrch.o(.text) refers (Special) to use_no_semi.o(.text) for __I$use$semihosting
    sys_wrch.o(.text) refers (Special) to indicate_semi.o(.text) for __semihosting_library_function
    rtexit2.o(.ARM.Collect$$rtexit$$00000003) refers to libshutdown.o(.ARM.Collect$$libshutdown$$00000000) for __rt_lib_shutdown
    rtexit2.o(.ARM.Collect$$rtexit$$00000004) refers to sys_exit.o(.text) for _sys_exit
    rtexit2.o(.ARM.exidx) refers to rtexit2.o(.ARM.Collect$$rtexit$$00000001) for .ARM.Collect$$rtexit$$00000001
    rtexit2.o(.ARM.exidx) refers to rtexit2.o(.ARM.Collect$$rtexit$$00000003) for .ARM.Collect$$rtexit$$00000003
    rtexit2.o(.ARM.exidx) refers to rtexit2.o(.ARM.Collect$$rtexit$$00000004) for .ARM.Collect$$rtexit$$00000004
    defsig.o(CL$$defsig) refers to defsig_fpe_inner.o(.text) for __rt_SIGFPE_inner
    defsig.o(CL$$defsig) refers to defsig_rtmem_inner.o(.text) for __rt_SIGRTMEM_inner
    defsig_abrt_inner.o(.text) refers to defsig_general.o(.text) for __default_signal_display
    defsig_rtred_inner.o(.text) refers to defsig_general.o(.text) for __default_signal_display
    defsig_stak_inner.o(.text) refers to defsig_general.o(.text) for __default_signal_display
    defsig_pvfn_inner.o(.text) refers to defsig_general.o(.text) for __default_signal_display
    defsig_cppl_inner.o(.text) refers to defsig_general.o(.text) for __default_signal_display
    defsig_segv_inner.o(.text) refers to defsig_general.o(.text) for __default_signal_display
    defsig_other.o(.text) refers to defsig_general.o(.text) for __default_signal_display
    libshutdown.o(.ARM.Collect$$libshutdown$$00000000) refers (Special) to libshutdown2.o(.ARM.Collect$$libshutdown$$00000002) for __rt_lib_shutdown_cpp_1
    libshutdown.o(.ARM.Collect$$libshutdown$$00000000) refers (Special) to libshutdown2.o(.ARM.Collect$$libshutdown$$00000007) for __rt_lib_shutdown_fp_trap_1
    libshutdown.o(.ARM.Collect$$libshutdown$$00000000) refers (Special) to libshutdown2.o(.ARM.Collect$$libshutdown$$0000000F) for __rt_lib_shutdown_heap_1
    libshutdown.o(.ARM.Collect$$libshutdown$$00000000) refers (Special) to libshutdown2.o(.ARM.Collect$$libshutdown$$00000010) for __rt_lib_shutdown_return
    libshutdown.o(.ARM.Collect$$libshutdown$$00000000) refers (Special) to libshutdown2.o(.ARM.Collect$$libshutdown$$0000000A) for __rt_lib_shutdown_signal_1
    libshutdown.o(.ARM.Collect$$libshutdown$$00000000) refers (Special) to libshutdown2.o(.ARM.Collect$$libshutdown$$00000004) for __rt_lib_shutdown_stdio_1
    libshutdown.o(.ARM.Collect$$libshutdown$$00000000) refers (Special) to libshutdown2.o(.ARM.Collect$$libshutdown$$0000000C) for __rt_lib_shutdown_user_alloc_1


==============================================================================

Removing Unused input sections from the image.

    Removing main.o(.rev16_text), (4 bytes).
    Removing main.o(.revsh_text), (4 bytes).
    Removing main.o(.rrx_text), (6 bytes).
    Removing main.o(i.LogHandler), (66 bytes).
    Removing main.o(i.led_Byte), (92 bytes).
    Removing main.o(i.pcsr_Init), (320 bytes).
    Removing main.o(i.pcsr_ReadData), (32 bytes).
    Removing main.o(i.pcsr_WriteData), (32 bytes).
    Removing can.o(.rev16_text), (4 bytes).
    Removing can.o(.revsh_text), (4 bytes).
    Removing can.o(.rrx_text), (6 bytes).
    Removing can.o(i.can_Inject), (44 bytes).
    Removing can.o(i.can_SetFiltering), (232 bytes).
    Removing can.o(i.can_SetLogging), (112 bytes).
    Removing can.o(.constdata), (4 bytes).
    Removing list.o(i.init_list), (12 bytes).
    Removing list.o(i.pop), (52 bytes).
    Removing list.o(i.push), (78 bytes).
    Removing list.o(.data), (4 bytes).
    Removing system_tm4c129.o(.rev16_text), (4 bytes).
    Removing system_tm4c129.o(.revsh_text), (4 bytes).
    Removing system_tm4c129.o(.rrx_text), (6 bytes).
    Removing system_tm4c129.o(i.SystemCoreClockUpdate), (16 bytes).
    Removing can.o(i.CANBitRateSet), (112 bytes).
    Removing can.o(i.CANBitTimingGet), (42 bytes).
    Removing can.o(i.CANDisable), (10 bytes).
    Removing can.o(i.CANErrCntrGet), (22 bytes).
    Removing can.o(i.CANIntClear), (38 bytes).
    Removing can.o(i.CANIntDisable), (10 bytes).
    Removing can.o(i.CANIntUnregister), (104 bytes).
    Removing can.o(i.CANMessageClear), (26 bytes).
    Removing can.o(i.CANRetryGet), (14 bytes).
    Removing can.o(i.CANRetrySet), (18 bytes).
    Removing can.o(i.CANStatusGet), (68 bytes).
    Removing can.o(.constdata), (32 bytes).
    Removing fpu.o(i.FPUDisable), (16 bytes).
    Removing fpu.o(i.FPUFlushToZeroModeSet), (20 bytes).
    Removing fpu.o(i.FPUHalfPrecisionModeSet), (20 bytes).
    Removing fpu.o(i.FPULazyStackingEnable), (16 bytes).
    Removing fpu.o(i.FPUNaNModeSet), (20 bytes).
    Removing fpu.o(i.FPURoundingModeSet), (20 bytes).
    Removing fpu.o(i.FPUStackingDisable), (16 bytes).
    Removing fpu.o(i.FPUStackingEnable), (20 bytes).
    Removing gpio.o(i.GPIOADCTriggerDisable), (14 bytes).
    Removing gpio.o(i.GPIOADCTriggerEnable), (14 bytes).
    Removing gpio.o(i.GPIODMATriggerDisable), (14 bytes).
    Removing gpio.o(i.GPIODMATriggerEnable), (14 bytes).
    Removing gpio.o(i.GPIODirModeGet), (34 bytes).
    Removing gpio.o(i.GPIOIntDisable), (14 bytes).
    Removing gpio.o(i.GPIOIntStatus), (14 bytes).
    Removing gpio.o(i.GPIOIntTypeGet), (68 bytes).
    Removing gpio.o(i.GPIOIntUnregister), (88 bytes).
    Removing gpio.o(i.GPIOPadConfigGet), (204 bytes).
    Removing gpio.o(i.GPIOPinConfigure), (72 bytes).
    Removing gpio.o(i.GPIOPinTypeADC), (28 bytes).
    Removing gpio.o(i.GPIOPinTypeCAN), (28 bytes).
    Removing gpio.o(i.GPIOPinTypeCIR), (28 bytes).
    Removing gpio.o(i.GPIOPinTypeComparator), (28 bytes).
    Removing gpio.o(i.GPIOPinTypeEPI), (28 bytes).
    Removing gpio.o(i.GPIOPinTypeEthernetLED), (28 bytes).
    Removing gpio.o(i.GPIOPinTypeEthernetMII), (28 bytes).
    Removing gpio.o(i.GPIOPinTypeGPIOOutput), (28 bytes).
    Removing gpio.o(i.GPIOPinTypeGPIOOutputOD), (28 bytes).
    Removing gpio.o(i.GPIOPinTypeI2C), (28 bytes).
    Removing gpio.o(i.GPIOPinTypeI2CSCL), (28 bytes).
    Removing gpio.o(i.GPIOPinTypeKBColumn), (28 bytes).
    Removing gpio.o(i.GPIOPinTypeKBRow), (28 bytes).
    Removing gpio.o(i.GPIOPinTypeLCD), (28 bytes).
    Removing gpio.o(i.GPIOPinTypeLEDSeq), (28 bytes).
    Removing gpio.o(i.GPIOPinTypeLPC), (28 bytes).
    Removing gpio.o(i.GPIOPinTypePECIRx), (28 bytes).
    Removing gpio.o(i.GPIOPinTypePECITx), (28 bytes).
    Removing gpio.o(i.GPIOPinTypePWM), (28 bytes).
    Removing gpio.o(i.GPIOPinTypeQEI), (28 bytes).
    Removing gpio.o(i.GPIOPinTypeSSI), (28 bytes).
    Removing gpio.o(i.GPIOPinTypeTimer), (28 bytes).
    Removing gpio.o(i.GPIOPinTypeUART), (28 bytes).
    Removing gpio.o(i.GPIOPinTypeUSBAnalog), (28 bytes).
    Removing gpio.o(i.GPIOPinTypeUSBDigital), (28 bytes).
    Removing gpio.o(i.GPIOPinTypeWakeHigh), (30 bytes).
    Removing gpio.o(i.GPIOPinTypeWakeLow), (30 bytes).
    Removing gpio.o(i.GPIOPinWakeStatus), (6 bytes).
    Removing gpio.o(i.GPIOPinWrite), (6 bytes).
    Removing interrupt.o(i.IntDisable), (100 bytes).
    Removing interrupt.o(i.IntIsEnabled), (96 bytes).
    Removing interrupt.o(i.IntMasterDisable), (14 bytes).
    Removing interrupt.o(i.IntPendClear), (68 bytes).
    Removing interrupt.o(i.IntPendSet), (84 bytes).
    Removing interrupt.o(i.IntPriorityGet), (28 bytes).
    Removing interrupt.o(i.IntPriorityGroupingGet), (36 bytes).
    Removing interrupt.o(i.IntPriorityGroupingSet), (28 bytes).
    Removing interrupt.o(i.IntPriorityMaskGet), (4 bytes).
    Removing interrupt.o(i.IntPriorityMaskSet), (4 bytes).
    Removing interrupt.o(i.IntTrigger), (12 bytes).
    Removing interrupt.o(i.IntUnregister), (20 bytes).
    Removing interrupt.o(i._IntDefaultHandler), (2 bytes).
    Removing sysctl.o(.emb_text), (6 bytes).
    Removing sysctl.o(i.SysCtlAltClkConfig), (12 bytes).
    Removing sysctl.o(i.SysCtlClockGet), (356 bytes).
    Removing sysctl.o(i.SysCtlClockOutConfig), (16 bytes).
    Removing sysctl.o(i.SysCtlClockSet), (288 bytes).
    Removing sysctl.o(i.SysCtlDeepSleep), (32 bytes).
    Removing sysctl.o(i.SysCtlDeepSleepClockConfigSet), (112 bytes).
    Removing sysctl.o(i.SysCtlDeepSleepClockSet), (12 bytes).
    Removing sysctl.o(i.SysCtlDeepSleepPowerSet), (12 bytes).
    Removing sysctl.o(i.SysCtlFlashSectorSizeGet), (56 bytes).
    Removing sysctl.o(i.SysCtlFlashSizeGet), (56 bytes).
    Removing sysctl.o(i.SysCtlGPIOAHBDisable), (28 bytes).
    Removing sysctl.o(i.SysCtlGPIOAHBEnable), (24 bytes).
    Removing sysctl.o(i.SysCtlIntClear), (12 bytes).
    Removing sysctl.o(i.SysCtlIntDisable), (16 bytes).
    Removing sysctl.o(i.SysCtlIntEnable), (16 bytes).
    Removing sysctl.o(i.SysCtlIntRegister), (20 bytes).
    Removing sysctl.o(i.SysCtlIntStatus), (16 bytes).
    Removing sysctl.o(i.SysCtlIntUnregister), (18 bytes).
    Removing sysctl.o(i.SysCtlLDODeepSleepGet), (12 bytes).
    Removing sysctl.o(i.SysCtlLDODeepSleepSet), (12 bytes).
    Removing sysctl.o(i.SysCtlLDOSleepGet), (12 bytes).
    Removing sysctl.o(i.SysCtlLDOSleepSet), (12 bytes).
    Removing sysctl.o(i.SysCtlMOSCConfigSet), (12 bytes).
    Removing sysctl.o(i.SysCtlNMIClear), (16 bytes).
    Removing sysctl.o(i.SysCtlNMIStatus), (12 bytes).
    Removing sysctl.o(i.SysCtlPIOSCCalibrate), (76 bytes).
    Removing sysctl.o(i.SysCtlPWMClockGet), (24 bytes).
    Removing sysctl.o(i.SysCtlPWMClockSet), (20 bytes).
    Removing sysctl.o(i.SysCtlPeripheralClockGating), (68 bytes).
    Removing sysctl.o(i.SysCtlPeripheralDeepSleepDisable), (40 bytes).
    Removing sysctl.o(i.SysCtlPeripheralDeepSleepEnable), (40 bytes).
    Removing sysctl.o(i.SysCtlPeripheralDisable), (40 bytes).
    Removing sysctl.o(i.SysCtlPeripheralPowerOff), (40 bytes).
    Removing sysctl.o(i.SysCtlPeripheralPowerOn), (40 bytes).
    Removing sysctl.o(i.SysCtlPeripheralPresent), (44 bytes).
    Removing sysctl.o(i.SysCtlPeripheralReady), (44 bytes).
    Removing sysctl.o(i.SysCtlPeripheralReset), (60 bytes).
    Removing sysctl.o(i.SysCtlPeripheralSleepDisable), (40 bytes).
    Removing sysctl.o(i.SysCtlPeripheralSleepEnable), (40 bytes).
    Removing sysctl.o(i.SysCtlReset), (16 bytes).
    Removing sysctl.o(i.SysCtlResetBehaviorGet), (12 bytes).
    Removing sysctl.o(i.SysCtlResetBehaviorSet), (12 bytes).
    Removing sysctl.o(i.SysCtlResetCauseClear), (16 bytes).
    Removing sysctl.o(i.SysCtlResetCauseGet), (12 bytes).
    Removing sysctl.o(i.SysCtlSRAMSizeGet), (16 bytes).
    Removing sysctl.o(i.SysCtlSleep), (4 bytes).
    Removing sysctl.o(i.SysCtlSleepPowerSet), (12 bytes).
    Removing sysctl.o(i.SysCtlUSBPLLDisable), (16 bytes).
    Removing sysctl.o(i.SysCtlUSBPLLEnable), (16 bytes).
    Removing sysctl.o(i.SysCtlVoltageEventClear), (16 bytes).
    Removing sysctl.o(i.SysCtlVoltageEventConfig), (12 bytes).
    Removing sysctl.o(i.SysCtlVoltageEventStatus), (12 bytes).
    Removing uart.o(i.UART9BitAddrSend), (38 bytes).
    Removing uart.o(i.UART9BitAddrSet), (10 bytes).
    Removing uart.o(i.UART9BitDisable), (14 bytes).
    Removing uart.o(i.UART9BitEnable), (14 bytes).
    Removing uart.o(i.UARTBreakCtl), (18 bytes).
    Removing uart.o(i.UARTBusy), (8 bytes).
    Removing uart.o(i.UARTCharGet), (12 bytes).
    Removing uart.o(i.UARTCharGetNonBlocking), (16 bytes).
    Removing uart.o(i.UARTCharPut), (12 bytes).
    Removing uart.o(i.UARTCharPutNonBlocking), (16 bytes).
    Removing uart.o(i.UARTCharsAvail), (10 bytes).
    Removing uart.o(i.UARTClockSourceGet), (6 bytes).
    Removing uart.o(i.UARTClockSourceSet), (6 bytes).
    Removing uart.o(i.UARTConfigGetExpClk), (46 bytes).
    Removing uart.o(i.UARTConfigSetExpClk), (110 bytes).
    Removing uart.o(i.UARTDMADisable), (10 bytes).
    Removing uart.o(i.UARTDMAEnable), (8 bytes).
    Removing uart.o(i.UARTDisable), (30 bytes).
    Removing uart.o(i.UARTDisableSIR), (10 bytes).
    Removing uart.o(i.UARTEnable), (20 bytes).
    Removing uart.o(i.UARTEnableSIR), (18 bytes).
    Removing uart.o(i.UARTFIFODisable), (10 bytes).
    Removing uart.o(i.UARTFIFOEnable), (10 bytes).
    Removing uart.o(i.UARTFIFOLevelGet), (16 bytes).
    Removing uart.o(i.UARTFIFOLevelSet), (6 bytes).
    Removing uart.o(i.UARTFlowControlGet), (8 bytes).
    Removing uart.o(i.UARTFlowControlSet), (12 bytes).
    Removing uart.o(i.UARTIntClear), (4 bytes).
    Removing uart.o(i.UARTIntDisable), (10 bytes).
    Removing uart.o(i.UARTIntEnable), (8 bytes).
    Removing uart.o(i.UARTIntRegister), (88 bytes).
    Removing uart.o(i.UARTIntStatus), (10 bytes).
    Removing uart.o(i.UARTIntUnregister), (88 bytes).
    Removing uart.o(i.UARTModemControlClear), (14 bytes).
    Removing uart.o(i.UARTModemControlGet), (8 bytes).
    Removing uart.o(i.UARTModemControlSet), (12 bytes).
    Removing uart.o(i.UARTModemStatusGet), (10 bytes).
    Removing uart.o(i.UARTParityModeGet), (8 bytes).
    Removing uart.o(i.UARTParityModeSet), (12 bytes).
    Removing uart.o(i.UARTRxErrorClear), (6 bytes).
    Removing uart.o(i.UARTRxErrorGet), (8 bytes).
    Removing uart.o(i.UARTSmartCardDisable), (10 bytes).
    Removing uart.o(i.UARTSmartCardEnable), (22 bytes).
    Removing uart.o(i.UARTSpaceAvail), (10 bytes).
    Removing uart.o(i.UARTTxIntModeGet), (8 bytes).
    Removing uart.o(i.UARTTxIntModeSet), (12 bytes).
    Removing uart.o(.constdata), (128 bytes).

196 unused section(s) (total 6554 bytes) removed from the image.

==============================================================================

Image Symbol Table

    Local Symbols

    Symbol Name                              Value     Ov Type        Size  Object(Section)

    RESET                                    0x00000000   Section      512  startup_tm4c129.o(RESET)
    ../clib/angel/boardlib.s                 0x00000000   Number         0  boardshut.o ABSOLUTE
    ../clib/angel/boardlib.s                 0x00000000   Number         0  boardinit1.o ABSOLUTE
    ../clib/angel/boardlib.s                 0x00000000   Number         0  boardinit2.o ABSOLUTE
    ../clib/angel/boardlib.s                 0x00000000   Number         0  boardinit3.o ABSOLUTE
    ../clib/angel/dczerorl.s                 0x00000000   Number         0  __dczerorl.o ABSOLUTE
    ../clib/angel/handlers.s                 0x00000000   Number         0  __scatter_zi.o ABSOLUTE
    ../clib/angel/kernel.s                   0x00000000   Number         0  rtexit2.o ABSOLUTE
    ../clib/angel/kernel.s                   0x00000000   Number         0  rtexit.o ABSOLUTE
    ../clib/angel/kernel.s                   0x00000000   Number         0  __rtentry2.o ABSOLUTE
    ../clib/angel/kernel.s                   0x00000000   Number         0  __rtentry4.o ABSOLUTE
    ../clib/angel/kernel.s                   0x00000000   Number         0  __rtentry.o ABSOLUTE
    ../clib/angel/rt.s                       0x00000000   Number         0  aeabi_ldiv0_sigfpe.o ABSOLUTE
    ../clib/angel/rt.s                       0x00000000   Number         0  aeabi_ldiv0.o ABSOLUTE
    ../clib/angel/rt.s                       0x00000000   Number         0  rt_heap_descriptor.o ABSOLUTE
    ../clib/angel/rt.s                       0x00000000   Number         0  rt_raise.o ABSOLUTE
    ../clib/angel/rt.s                       0x00000000   Number         0  rt_div0.o ABSOLUTE
    ../clib/angel/rt.s                       0x00000000   Number         0  rt_heap_descriptor_intlibspace.o ABSOLUTE
    ../clib/angel/scatter.s                  0x00000000   Number         0  __scatter.o ABSOLUTE
    ../clib/angel/startup.s                  0x00000000   Number         0  __main.o ABSOLUTE
    ../clib/angel/sys.s                      0x00000000   Number         0  mutex_dummy.o ABSOLUTE
    ../clib/angel/sys.s                      0x00000000   Number         0  libspace.o ABSOLUTE
    ../clib/angel/sys.s                      0x00000000   Number         0  use_no_semi.o ABSOLUTE
    ../clib/angel/sys.s                      0x00000000   Number         0  sys_stackheap_outer.o ABSOLUTE
    ../clib/angel/sys.s                      0x00000000   Number         0  indicate_semi.o ABSOLUTE
    ../clib/angel/sysapp.c                   0x00000000   Number         0  sys_wrch.o ABSOLUTE
    ../clib/angel/sysapp.c                   0x00000000   Number         0  sys_command.o ABSOLUTE
    ../clib/angel/sysapp.c                   0x00000000   Number         0  sys_exit.o ABSOLUTE
    ../clib/armsys.c                         0x00000000   Number         0  _get_argv_nomalloc.o ABSOLUTE
    ../clib/armsys.c                         0x00000000   Number         0  _get_argv.o ABSOLUTE
    ../clib/armsys.c                         0x00000000   Number         0  argv_veneer.o ABSOLUTE
    ../clib/armsys.c                         0x00000000   Number         0  argv_veneer.o ABSOLUTE
    ../clib/armsys.c                         0x00000000   Number         0  no_argv.o ABSOLUTE
    ../clib/heap1.c                          0x00000000   Number         0  h1_free.o ABSOLUTE
    ../clib/heap1.c                          0x00000000   Number         0  h1_init.o ABSOLUTE
    ../clib/heap1.c                          0x00000000   Number         0  h1_init_mt.o ABSOLUTE
    ../clib/heap1.c                          0x00000000   Number         0  h1_alloc.o ABSOLUTE
    ../clib/heap1.c                          0x00000000   Number         0  h1_extend_mt.o ABSOLUTE
    ../clib/heap1.c                          0x00000000   Number         0  h1_extend.o ABSOLUTE
    ../clib/heap1.c                          0x00000000   Number         0  h1_final_mt.o ABSOLUTE
    ../clib/heap1.c                          0x00000000   Number         0  h1_final.o ABSOLUTE
    ../clib/heap1.c                          0x00000000   Number         0  h1_alloc_mt.o ABSOLUTE
    ../clib/heap1.c                          0x00000000   Number         0  h1_free_mt.o ABSOLUTE
    ../clib/heap2.c                          0x00000000   Number         0  heap2mt.o ABSOLUTE
    ../clib/heap2.c                          0x00000000   Number         0  fdtree.o ABSOLUTE
    ../clib/heap2.c                          0x00000000   Number         0  heap2.o ABSOLUTE
    ../clib/heapalloc.c                      0x00000000   Number         0  term_alloc.o ABSOLUTE
    ../clib/heapalloc.c                      0x00000000   Number         0  hrguard.o ABSOLUTE
    ../clib/heapalloc.c                      0x00000000   Number         0  hguard.o ABSOLUTE
    ../clib/heapalloc.c                      0x00000000   Number         0  maybetermalloc2.o ABSOLUTE
    ../clib/heapalloc.c                      0x00000000   Number         0  init_alloc.o ABSOLUTE
    ../clib/heapalloc.c                      0x00000000   Number         0  malloc.o ABSOLUTE
    ../clib/heapalloc.c                      0x00000000   Number         0  free.o ABSOLUTE
    ../clib/heapalloc.c                      0x00000000   Number         0  maybetermalloc2.o ABSOLUTE
    ../clib/heapalloc.c                      0x00000000   Number         0  heapstubs.o ABSOLUTE
    ../clib/heapalloc.c                      0x00000000   Number         0  maybetermalloc1.o ABSOLUTE
    ../clib/heapalloc.c                      0x00000000   Number         0  maybetermalloc1.o ABSOLUTE
    ../clib/heapaux.c                        0x00000000   Number         0  heapauxa.o ABSOLUTE
    ../clib/heapaux.c                        0x00000000   Number         0  heapauxi.o ABSOLUTE
    ../clib/libinit.s                        0x00000000   Number         0  libshutdown2.o ABSOLUTE
    ../clib/libinit.s                        0x00000000   Number         0  libshutdown.o ABSOLUTE
    ../clib/libinit.s                        0x00000000   Number         0  libinit2.o ABSOLUTE
    ../clib/libinit.s                        0x00000000   Number         0  libinit.o ABSOLUTE
    ../clib/longlong.s                       0x00000000   Number         0  lludivv7m.o ABSOLUTE
    ../clib/memcpset.s                       0x00000000   Number         0  rt_memcpy_w.o ABSOLUTE
    ../clib/signal.c                         0x00000000   Number         0  defsig_fpe_inner.o ABSOLUTE
    ../clib/signal.c                         0x00000000   Number         0  defsig_general.o ABSOLUTE
    ../clib/signal.c                         0x00000000   Number         0  __raise.o ABSOLUTE
    ../clib/signal.c                         0x00000000   Number         0  defsig_pvfn_inner.o ABSOLUTE
    ../clib/signal.c                         0x00000000   Number         0  defsig_rtmem_inner.o ABSOLUTE
    ../clib/signal.c                         0x00000000   Number         0  defsig_fpe_formal.o ABSOLUTE
    ../clib/signal.c                         0x00000000   Number         0  defsig_fpe_outer.o ABSOLUTE
    ../clib/signal.c                         0x00000000   Number         0  defsig_exit.o ABSOLUTE
    ../clib/signal.c                         0x00000000   Number         0  defsig_rtmem_formal.o ABSOLUTE
    ../clib/signal.c                         0x00000000   Number         0  defsig_rtmem_outer.o ABSOLUTE
    ../clib/signal.c                         0x00000000   Number         0  defsig_other.o ABSOLUTE
    ../clib/signal.c                         0x00000000   Number         0  defsig_segv_inner.o ABSOLUTE
    ../clib/signal.c                         0x00000000   Number         0  defsig_cppl_inner.o ABSOLUTE
    ../clib/signal.c                         0x00000000   Number         0  defsig_stak_inner.o ABSOLUTE
    ../clib/signal.c                         0x00000000   Number         0  defsig_rtred_inner.o ABSOLUTE
    ../clib/signal.c                         0x00000000   Number         0  defsig_abrt_inner.o ABSOLUTE
    ../clib/signal.s                         0x00000000   Number         0  defsig.o ABSOLUTE
    ../clib/stdlib.c                         0x00000000   Number         0  exit.o ABSOLUTE
    ../fplib/fpinit.s                        0x00000000   Number         0  fpinit.o ABSOLUTE
    RTE\Device\TM4C129DNCPDT\startup_TM4C129.s 0x00000000   Number         0  startup_tm4c129.o ABSOLUTE
    RTE\Device\TM4C129DNCPDT\system_tm4c129.c 0x00000000   Number         0  system_tm4c129.o ABSOLUTE
    RTE\\Device\\TM4C129DNCPDT\\system_tm4c129.c 0x00000000   Number         0  system_tm4c129.o ABSOLUTE
    can.c                                    0x00000000   Number         0  can.o ABSOLUTE
    can.c                                    0x00000000   Number         0  can.o ABSOLUTE
    can.c                                    0x00000000   Number         0  can.o ABSOLUTE
    cpu.c                                    0x00000000   Number         0  cpu.o ABSOLUTE
    cpu.c                                    0x00000000   Number         0  cpu.o ABSOLUTE
    dc.s                                     0x00000000   Number         0  dc.o ABSOLUTE
    fpu.c                                    0x00000000   Number         0  fpu.o ABSOLUTE
    gpio.c                                   0x00000000   Number         0  gpio.o ABSOLUTE
    interrupt.c                              0x00000000   Number         0  interrupt.o ABSOLUTE
    list.c                                   0x00000000   Number         0  list.o ABSOLUTE
    main.c                                   0x00000000   Number         0  main.o ABSOLUTE
    main.c                                   0x00000000   Number         0  main.o ABSOLUTE
    sysctl.c                                 0x00000000   Number         0  sysctl.o ABSOLUTE
    sysctl.c                                 0x00000000   Number         0  sysctl.o ABSOLUTE
    uart.c                                   0x00000000   Number         0  uart.o ABSOLUTE
    !!!main                                  0x00000200   Section        8  __main.o(!!!main)
    !!!scatter                               0x00000208   Section       52  __scatter.o(!!!scatter)
    !!dczerorl                               0x0000023c   Section       58  __dczerorl.o(!!dczerorl)
    !!handler_zi                             0x00000278   Section       28  __scatter_zi.o(!!handler_zi)
    .ARM.Collect$$libinit$$00000000          0x00000294   Section        2  libinit.o(.ARM.Collect$$libinit$$00000000)
    .ARM.Collect$$libinit$$00000001          0x00000296   Section        4  libinit2.o(.ARM.Collect$$libinit$$00000001)
    .ARM.Collect$$libinit$$00000004          0x0000029a   Section        0  libinit2.o(.ARM.Collect$$libinit$$00000004)
    .ARM.Collect$$libinit$$0000000A          0x0000029a   Section        0  libinit2.o(.ARM.Collect$$libinit$$0000000A)
    .ARM.Collect$$libinit$$0000000C          0x0000029a   Section        0  libinit2.o(.ARM.Collect$$libinit$$0000000C)
    .ARM.Collect$$libinit$$0000000E          0x0000029a   Section        0  libinit2.o(.ARM.Collect$$libinit$$0000000E)
    .ARM.Collect$$libinit$$00000011          0x0000029a   Section        0  libinit2.o(.ARM.Collect$$libinit$$00000011)
    .ARM.Collect$$libinit$$00000013          0x0000029a   Section        0  libinit2.o(.ARM.Collect$$libinit$$00000013)
    .ARM.Collect$$libinit$$00000015          0x0000029a   Section        0  libinit2.o(.ARM.Collect$$libinit$$00000015)
    .ARM.Collect$$libinit$$00000017          0x0000029a   Section        0  libinit2.o(.ARM.Collect$$libinit$$00000017)
    .ARM.Collect$$libinit$$00000019          0x0000029a   Section        0  libinit2.o(.ARM.Collect$$libinit$$00000019)
    .ARM.Collect$$libinit$$0000001B          0x0000029a   Section        0  libinit2.o(.ARM.Collect$$libinit$$0000001B)
    .ARM.Collect$$libinit$$0000001D          0x0000029a   Section        0  libinit2.o(.ARM.Collect$$libinit$$0000001D)
    .ARM.Collect$$libinit$$0000001F          0x0000029a   Section        0  libinit2.o(.ARM.Collect$$libinit$$0000001F)
    .ARM.Collect$$libinit$$00000021          0x0000029a   Section        0  libinit2.o(.ARM.Collect$$libinit$$00000021)
    .ARM.Collect$$libinit$$00000023          0x0000029a   Section        0  libinit2.o(.ARM.Collect$$libinit$$00000023)
    .ARM.Collect$$libinit$$00000025          0x0000029a   Section        0  libinit2.o(.ARM.Collect$$libinit$$00000025)
    .ARM.Collect$$libinit$$0000002C          0x0000029a   Section        0  libinit2.o(.ARM.Collect$$libinit$$0000002C)
    .ARM.Collect$$libinit$$0000002E          0x0000029a   Section        0  libinit2.o(.ARM.Collect$$libinit$$0000002E)
    .ARM.Collect$$libinit$$00000030          0x0000029a   Section        0  libinit2.o(.ARM.Collect$$libinit$$00000030)
    .ARM.Collect$$libinit$$00000032          0x0000029a   Section        0  libinit2.o(.ARM.Collect$$libinit$$00000032)
    .ARM.Collect$$libinit$$00000033          0x0000029a   Section        2  libinit2.o(.ARM.Collect$$libinit$$00000033)
    .ARM.Collect$$libshutdown$$00000000      0x0000029c   Section        2  libshutdown.o(.ARM.Collect$$libshutdown$$00000000)
    .ARM.Collect$$libshutdown$$00000002      0x0000029e   Section        0  libshutdown2.o(.ARM.Collect$$libshutdown$$00000002)
    .ARM.Collect$$libshutdown$$00000004      0x0000029e   Section        0  libshutdown2.o(.ARM.Collect$$libshutdown$$00000004)
    .ARM.Collect$$libshutdown$$00000007      0x0000029e   Section        0  libshutdown2.o(.ARM.Collect$$libshutdown$$00000007)
    .ARM.Collect$$libshutdown$$0000000A      0x0000029e   Section        0  libshutdown2.o(.ARM.Collect$$libshutdown$$0000000A)
    .ARM.Collect$$libshutdown$$0000000C      0x0000029e   Section        0  libshutdown2.o(.ARM.Collect$$libshutdown$$0000000C)
    .ARM.Collect$$libshutdown$$0000000F      0x0000029e   Section        0  libshutdown2.o(.ARM.Collect$$libshutdown$$0000000F)
    .ARM.Collect$$libshutdown$$00000010      0x0000029e   Section        2  libshutdown2.o(.ARM.Collect$$libshutdown$$00000010)
    .ARM.Collect$$rtentry$$00000000          0x000002a0   Section        0  __rtentry.o(.ARM.Collect$$rtentry$$00000000)
    .ARM.Collect$$rtentry$$00000002          0x000002a0   Section        0  __rtentry2.o(.ARM.Collect$$rtentry$$00000002)
    .ARM.Collect$$rtentry$$00000004          0x000002a0   Section        6  __rtentry4.o(.ARM.Collect$$rtentry$$00000004)
    .ARM.Collect$$rtentry$$00000009          0x000002a6   Section        0  __rtentry2.o(.ARM.Collect$$rtentry$$00000009)
    .ARM.Collect$$rtentry$$0000000A          0x000002a6   Section        4  __rtentry2.o(.ARM.Collect$$rtentry$$0000000A)
    .ARM.Collect$$rtentry$$0000000C          0x000002aa   Section        0  __rtentry2.o(.ARM.Collect$$rtentry$$0000000C)
    .ARM.Collect$$rtentry$$0000000D          0x000002aa   Section        8  __rtentry2.o(.ARM.Collect$$rtentry$$0000000D)
    .ARM.Collect$$rtexit$$00000000           0x000002b2   Section        2  rtexit.o(.ARM.Collect$$rtexit$$00000000)
    .ARM.Collect$$rtexit$$00000002           0x000002b4   Section        0  rtexit2.o(.ARM.Collect$$rtexit$$00000002)
    .ARM.Collect$$rtexit$$00000003           0x000002b4   Section        4  rtexit2.o(.ARM.Collect$$rtexit$$00000003)
    .ARM.Collect$$rtexit$$00000004           0x000002b8   Section        6  rtexit2.o(.ARM.Collect$$rtexit$$00000004)
    .emb_text                                0x000002c0   Section       38  cpu.o(.emb_text)
    $v0                                      0x000002c0   Number         0  cpu.o(.emb_text)
    .text                                    0x000002e8   Section      304  startup_tm4c129.o(.text)
    $v0                                      0x000002e8   Number         0  startup_tm4c129.o(.text)
    .text                                    0x00000418   Section        0  heapauxi.o(.text)
    .text                                    0x00000420   Section        8  libspace.o(.text)
    .text                                    0x00000428   Section        2  use_no_semi.o(.text)
    .text                                    0x0000042a   Section       74  sys_stackheap_outer.o(.text)
    .text                                    0x0000042a   Section        0  indicate_semi.o(.text)
    .text                                    0x00000474   Section        0  exit.o(.text)
    .text                                    0x00000488   Section        0  sys_exit.o(.text)
    i.CAN0_Handler                           0x00000494   Section        0  can.o(i.CAN0_Handler)
    i.CAN1_Handler                           0x000005d4   Section        0  can.o(i.CAN1_Handler)
    i.CANBitTimingSet                        0x00000704   Section        0  can.o(i.CANBitTimingSet)
    i.CANEnable                              0x0000076e   Section        0  can.o(i.CANEnable)
    i.CANInit                                0x00000778   Section        0  can.o(i.CANInit)
    i.CANIntEnable                           0x000007ba   Section        0  can.o(i.CANIntEnable)
    i.CANIntRegister                         0x000007c4   Section        0  can.o(i.CANIntRegister)
    i.CANIntStatus                           0x00000830   Section        0  can.o(i.CANIntStatus)
    i.CANMessageGet                          0x00000850   Section        0  can.o(i.CANMessageGet)
    i.CANMessageSet                          0x000009cc   Section        0  can.o(i.CANMessageSet)
    i.FPUEnable                              0x00000b34   Section        0  fpu.o(i.FPUEnable)
    i.GPIODirModeSet                         0x00000b44   Section        0  gpio.o(i.GPIODirModeSet)
    i.GPIOIntClear                           0x00000b6c   Section        0  gpio.o(i.GPIOIntClear)
    i.GPIOIntEnable                          0x00000b72   Section        0  gpio.o(i.GPIOIntEnable)
    i.GPIOIntRegister                        0x00000b80   Section        0  gpio.o(i.GPIOIntRegister)
    i.GPIOIntTypeSet                         0x00000bd8   Section        0  gpio.o(i.GPIOIntTypeSet)
    i.GPIOPadConfigSet                       0x00000c28   Section        0  gpio.o(i.GPIOPadConfigSet)
    i.GPIOPinRead                            0x00000d62   Section        0  gpio.o(i.GPIOPinRead)
    i.GPIOPinTypeGPIOInput                   0x00000d68   Section        0  gpio.o(i.GPIOPinTypeGPIOInput)
    i.HardFault_Handler                      0x00000d84   Section        0  main.o(i.HardFault_Handler)
    i.IntEnable                              0x00000d90   Section        0  interrupt.o(i.IntEnable)
    i.IntMasterEnable                        0x00000df4   Section        0  interrupt.o(i.IntMasterEnable)
    i.IntPrioritySet                         0x00000e04   Section        0  interrupt.o(i.IntPrioritySet)
    i.IntRegister                            0x00000e2c   Section        0  interrupt.o(i.IntRegister)
    i.SetReceiveAll                          0x00000e60   Section        0  can.o(i.SetReceiveAll)
    i.SysCtlClockFreqSet                     0x00000ed0   Section        0  sysctl.o(i.SysCtlClockFreqSet)
    i.SysCtlPeripheralEnable                 0x00001198   Section        0  sysctl.o(i.SysCtlPeripheralEnable)
    i.SystemInit                             0x000011c0   Section        0  system_tm4c129.o(i.SystemInit)
    i.__use_realtime_heap                    0x000011e0   Section        0  fdtree.o(i.__use_realtime_heap)
    i.button_Init                            0x000011e4   Section        0  can.o(i.button_Init)
    i.button_int                             0x0000123c   Section        0  can.o(i.button_int)
    i.can_Init                               0x000012ec   Section        0  can.o(i.can_Init)
    i.can_ResetFunctions                     0x000013d0   Section        0  can.o(i.can_ResetFunctions)
    i.int_Init                               0x000013f4   Section        0  main.o(i.int_Init)
    i.led_Init                               0x00001410   Section        0  main.o(i.led_Init)
    i.led_Set                                0x00001444   Section        0  main.o(i.led_Set)
    i.main                                   0x00001480   Section        0  main.o(i.main)
    x$fpl$fpinit                             0x000014ac   Section       10  fpinit.o(x$fpl$fpinit)
    $v0                                      0x000014ac   Number         0  fpinit.o(x$fpl$fpinit)
    .constdata                               0x000014b8   Section      528  gpio.o(.constdata)
    g_ppui32GPIOIntMapBlizzard               0x000014b8   Data         192  gpio.o(.constdata)
    g_ppui32GPIOIntMapSnowflake              0x00001578   Data         192  gpio.o(.constdata)
    g_pui32GPIOBaseAddrs                     0x00001638   Data         144  gpio.o(.constdata)
    .constdata                               0x000016c8   Section      268  interrupt.o(.constdata)
    g_pui32Priority                          0x000016c8   Data          32  interrupt.o(.constdata)
    g_pui32Regs                              0x000016e8   Data         156  interrupt.o(.constdata)
    g_pui32EnRegs                            0x00001784   Data          20  interrupt.o(.constdata)
    g_pui32Dii16Regs                         0x00001798   Data          20  interrupt.o(.constdata)
    g_pui32PendRegs                          0x000017ac   Data          20  interrupt.o(.constdata)
    g_pui32UnpendRegs                        0x000017c0   Data          20  interrupt.o(.constdata)
    .constdata                               0x000017d4   Section      452  sysctl.o(.constdata)
    g_pui32VCOFrequencies                    0x000017d4   Data           8  sysctl.o(.constdata)
    g_pui32Xtals                             0x000017dc   Data         108  sysctl.o(.constdata)
    g_pppui32XTALtoVCO                       0x00001848   Data         288  sysctl.o(.constdata)
    g_sXTALtoMEMTIM                          0x00001968   Data          48  sysctl.o(.constdata)
    .data                                    0x20000000   Section       56  can.o(.data)
    CANBitClk                                0x20000010   Data          16  can.o(.data)
    can0_txid                                0x20000020   Data           4  can.o(.data)
    can1_txid                                0x20000024   Data           4  can.o(.data)
    can0_log_entry_num                       0x20000028   Data           4  can.o(.data)
    can1_log_entry_num                       0x2000002c   Data           4  can.o(.data)
    can0_filter_entry_num                    0x20000030   Data           4  can.o(.data)
    can1_filter_entry_num                    0x20000034   Data           4  can.o(.data)
    .data                                    0x20000038   Section        4  system_tm4c129.o(.data)
    vtable                                   0x20000400   Section      620  interrupt.o(vtable)
    g_pfnRAMVectors                          0x20000400   Data         620  interrupt.o(vtable)
    .bss                                     0x2000066c   Section      168  can.o(.bss)
    can0_log_entries                         0x2000066c   Data          24  can.o(.bss)
    can1_log_entries                         0x20000684   Data          24  can.o(.bss)
    can0_filter_entries                      0x2000069c   Data          60  can.o(.bss)
    can1_filter_entries                      0x200006d8   Data          60  can.o(.bss)
    .bss                                     0x20000714   Section       96  libspace.o(.bss)
    HEAP                                     0x20000778   Section    259720  startup_tm4c129.o(HEAP)
    Heap_Mem                                 0x20000778   Data       259720  startup_tm4c129.o(HEAP)
    STACK                                    0x2003fe00   Section      512  startup_tm4c129.o(STACK)
    Stack_Mem                                0x2003fe00   Data         512  startup_tm4c129.o(STACK)
    __initial_sp                             0x20040000   Data           0  startup_tm4c129.o(STACK)

    Global Symbols

    Symbol Name                              Value     Ov Type        Size  Object(Section)

    BuildAttributes$$THM_ISAv4$E$P$D$K$B$S$7EM$VFPi3$EXTD16$VFPS$VFMA$PE$A:L22UL41UL21$X:L11$S22US41US21$IEEE1$IW$USESV6$~STKCKD$USESV7$~SHL$OTIME$ROPI$EBA8$UX$STANDARDLIB$REQ8$PRES8$EABIv2 0x00000000   Number         0  anon$$obj.o ABSOLUTE
    __ARM_use_no_argv                        0x00000000   Number         0  main.o ABSOLUTE
    __Vectors                                0x00000000   Data           4  startup_tm4c129.o(RESET)
    __ARM_exceptions_init                     - Undefined Weak Reference
    __alloca_initialize                       - Undefined Weak Reference
    __arm_preinit_                            - Undefined Weak Reference
    __cpp_initialize__aeabi_                  - Undefined Weak Reference
    __cxa_finalize                            - Undefined Weak Reference
    __rt_locale                               - Undefined Weak Reference
    __sigvec_lookup                           - Undefined Weak Reference
    __user_heap_extent                        - Undefined Weak Reference
    _atexit_init                              - Undefined Weak Reference
    _call_atexit_fns                          - Undefined Weak Reference
    _clock_init                               - Undefined Weak Reference
    _fp_trap_init                             - Undefined Weak Reference
    _fp_trap_shutdown                         - Undefined Weak Reference
    _get_lc_collate                           - Undefined Weak Reference
    _get_lc_ctype                             - Undefined Weak Reference
    _get_lc_monetary                          - Undefined Weak Reference
    _get_lc_numeric                           - Undefined Weak Reference
    _get_lc_time                              - Undefined Weak Reference
    _getenv_init                              - Undefined Weak Reference
    _handle_redirection                       - Undefined Weak Reference
    _initio                                   - Undefined Weak Reference
    _mutex_acquire                            - Undefined Weak Reference
    _mutex_free                               - Undefined Weak Reference
    _mutex_release                            - Undefined Weak Reference
    _rand_init                                - Undefined Weak Reference
    _signal_finish                            - Undefined Weak Reference
    _signal_init                              - Undefined Weak Reference
    _terminateio                              - Undefined Weak Reference
    __Vectors_End                            0x00000200   Data           0  startup_tm4c129.o(RESET)
    __Vectors_Size                           0x00000200   Number         0  startup_tm4c129.o ABSOLUTE
    __main                                   0x00000201   Thumb Code     8  __main.o(!!!main)
    __scatterload                            0x00000209   Thumb Code     0  __scatter.o(!!!scatter)
    __scatterload_rt2                        0x00000209   Thumb Code    44  __scatter.o(!!!scatter)
    __scatterload_rt2_thumb_only             0x00000209   Thumb Code     0  __scatter.o(!!!scatter)
    __scatterload_null                       0x00000217   Thumb Code     0  __scatter.o(!!!scatter)
    __decompress                             0x0000023d   Thumb Code    58  __dczerorl.o(!!dczerorl)
    __decompress0                            0x0000023d   Thumb Code     0  __dczerorl.o(!!dczerorl)
    __scatterload_zeroinit                   0x00000279   Thumb Code    28  __scatter_zi.o(!!handler_zi)
    __rt_lib_init                            0x00000295   Thumb Code     0  libinit.o(.ARM.Collect$$libinit$$00000000)
    __rt_lib_init_fp_1                       0x00000297   Thumb Code     0  libinit2.o(.ARM.Collect$$libinit$$00000001)
    __rt_lib_init_alloca_1                   0x0000029b   Thumb Code     0  libinit2.o(.ARM.Collect$$libinit$$0000002E)
    __rt_lib_init_argv_1                     0x0000029b   Thumb Code     0  libinit2.o(.ARM.Collect$$libinit$$0000002C)
    __rt_lib_init_atexit_1                   0x0000029b   Thumb Code     0  libinit2.o(.ARM.Collect$$libinit$$0000001B)
    __rt_lib_init_clock_1                    0x0000029b   Thumb Code     0  libinit2.o(.ARM.Collect$$libinit$$00000021)
    __rt_lib_init_cpp_1                      0x0000029b   Thumb Code     0  libinit2.o(.ARM.Collect$$libinit$$00000032)
    __rt_lib_init_exceptions_1               0x0000029b   Thumb Code     0  libinit2.o(.ARM.Collect$$libinit$$00000030)
    __rt_lib_init_fp_trap_1                  0x0000029b   Thumb Code     0  libinit2.o(.ARM.Collect$$libinit$$0000001F)
    __rt_lib_init_getenv_1                   0x0000029b   Thumb Code     0  libinit2.o(.ARM.Collect$$libinit$$00000023)
    __rt_lib_init_heap_1                     0x0000029b   Thumb Code     0  libinit2.o(.ARM.Collect$$libinit$$0000000A)
    __rt_lib_init_lc_collate_1               0x0000029b   Thumb Code     0  libinit2.o(.ARM.Collect$$libinit$$00000011)
    __rt_lib_init_lc_ctype_1                 0x0000029b   Thumb Code     0  libinit2.o(.ARM.Collect$$libinit$$00000013)
    __rt_lib_init_lc_monetary_1              0x0000029b   Thumb Code     0  libinit2.o(.ARM.Collect$$libinit$$00000015)
    __rt_lib_init_lc_numeric_1               0x0000029b   Thumb Code     0  libinit2.o(.ARM.Collect$$libinit$$00000017)
    __rt_lib_init_lc_time_1                  0x0000029b   Thumb Code     0  libinit2.o(.ARM.Collect$$libinit$$00000019)
    __rt_lib_init_preinit_1                  0x0000029b   Thumb Code     0  libinit2.o(.ARM.Collect$$libinit$$00000004)
    __rt_lib_init_rand_1                     0x0000029b   Thumb Code     0  libinit2.o(.ARM.Collect$$libinit$$0000000E)
    __rt_lib_init_return                     0x0000029b   Thumb Code     0  libinit2.o(.ARM.Collect$$libinit$$00000033)
    __rt_lib_init_signal_1                   0x0000029b   Thumb Code     0  libinit2.o(.ARM.Collect$$libinit$$0000001D)
    __rt_lib_init_stdio_1                    0x0000029b   Thumb Code     0  libinit2.o(.ARM.Collect$$libinit$$00000025)
    __rt_lib_init_user_alloc_1               0x0000029b   Thumb Code     0  libinit2.o(.ARM.Collect$$libinit$$0000000C)
    __rt_lib_shutdown                        0x0000029d   Thumb Code     0  libshutdown.o(.ARM.Collect$$libshutdown$$00000000)
    __rt_lib_shutdown_cpp_1                  0x0000029f   Thumb Code     0  libshutdown2.o(.ARM.Collect$$libshutdown$$00000002)
    __rt_lib_shutdown_fp_trap_1              0x0000029f   Thumb Code     0  libshutdown2.o(.ARM.Collect$$libshutdown$$00000007)
    __rt_lib_shutdown_heap_1                 0x0000029f   Thumb Code     0  libshutdown2.o(.ARM.Collect$$libshutdown$$0000000F)
    __rt_lib_shutdown_return                 0x0000029f   Thumb Code     0  libshutdown2.o(.ARM.Collect$$libshutdown$$00000010)
    __rt_lib_shutdown_signal_1               0x0000029f   Thumb Code     0  libshutdown2.o(.ARM.Collect$$libshutdown$$0000000A)
    __rt_lib_shutdown_stdio_1                0x0000029f   Thumb Code     0  libshutdown2.o(.ARM.Collect$$libshutdown$$00000004)
    __rt_lib_shutdown_user_alloc_1           0x0000029f   Thumb Code     0  libshutdown2.o(.ARM.Collect$$libshutdown$$0000000C)
    __rt_entry                               0x000002a1   Thumb Code     0  __rtentry.o(.ARM.Collect$$rtentry$$00000000)
    __rt_entry_presh_1                       0x000002a1   Thumb Code     0  __rtentry2.o(.ARM.Collect$$rtentry$$00000002)
    __rt_entry_sh                            0x000002a1   Thumb Code     0  __rtentry4.o(.ARM.Collect$$rtentry$$00000004)
    __rt_entry_li                            0x000002a7   Thumb Code     0  __rtentry2.o(.ARM.Collect$$rtentry$$0000000A)
    __rt_entry_postsh_1                      0x000002a7   Thumb Code     0  __rtentry2.o(.ARM.Collect$$rtentry$$00000009)
    __rt_entry_main                          0x000002ab   Thumb Code     0  __rtentry2.o(.ARM.Collect$$rtentry$$0000000D)
    __rt_entry_postli_1                      0x000002ab   Thumb Code     0  __rtentry2.o(.ARM.Collect$$rtentry$$0000000C)
    __rt_exit                                0x000002b3   Thumb Code     0  rtexit.o(.ARM.Collect$$rtexit$$00000000)
    __rt_exit_ls                             0x000002b5   Thumb Code     0  rtexit2.o(.ARM.Collect$$rtexit$$00000003)
    __rt_exit_prels_1                        0x000002b5   Thumb Code     0  rtexit2.o(.ARM.Collect$$rtexit$$00000002)
    __rt_exit_exit                           0x000002b9   Thumb Code     0  rtexit2.o(.ARM.Collect$$rtexit$$00000004)
    CPUcpsid                                 0x000002c1   Thumb Code     8  cpu.o(.emb_text)
    CPUprimask                               0x000002c9   Thumb Code     6  cpu.o(.emb_text)
    CPUcpsie                                 0x000002cf   Thumb Code     8  cpu.o(.emb_text)
    CPUwfi                                   0x000002d7   Thumb Code     4  cpu.o(.emb_text)
    CPUbasepriSet                            0x000002db   Thumb Code     6  cpu.o(.emb_text)
    CPUbasepriGet                            0x000002e1   Thumb Code     6  cpu.o(.emb_text)
    Reset_Handler                            0x000002e9   Thumb Code     8  startup_tm4c129.o(.text)
    NMI_Handler                              0x000002f1   Thumb Code     2  startup_tm4c129.o(.text)
    MemManage_Handler                        0x000002f5   Thumb Code     2  startup_tm4c129.o(.text)
    BusFault_Handler                         0x000002f7   Thumb Code     2  startup_tm4c129.o(.text)
    UsageFault_Handler                       0x000002f9   Thumb Code     2  startup_tm4c129.o(.text)
    SVC_Handler                              0x000002fb   Thumb Code     2  startup_tm4c129.o(.text)
    DebugMon_Handler                         0x000002fd   Thumb Code     2  startup_tm4c129.o(.text)
    PendSV_Handler                           0x000002ff   Thumb Code     2  startup_tm4c129.o(.text)
    SysTick_Handler                          0x00000301   Thumb Code     2  startup_tm4c129.o(.text)
    GPIOA_Handler                            0x00000303   Thumb Code     2  startup_tm4c129.o(.text)
    GPIOB_Handler                            0x00000305   Thumb Code     2  startup_tm4c129.o(.text)
    GPIOC_Handler                            0x00000307   Thumb Code     2  startup_tm4c129.o(.text)
    GPIOD_Handler                            0x00000309   Thumb Code     2  startup_tm4c129.o(.text)
    GPIOE_Handler                            0x0000030b   Thumb Code     2  startup_tm4c129.o(.text)
    UART0_Handler                            0x0000030d   Thumb Code     2  startup_tm4c129.o(.text)
    UART1_Handler                            0x0000030f   Thumb Code     2  startup_tm4c129.o(.text)
    SSI0_Handler                             0x00000311   Thumb Code     2  startup_tm4c129.o(.text)
    I2C0_Handler                             0x00000313   Thumb Code     2  startup_tm4c129.o(.text)
    PMW0_FAULT_Handler                       0x00000315   Thumb Code     2  startup_tm4c129.o(.text)
    PWM0_0_Handler                           0x00000317   Thumb Code     2  startup_tm4c129.o(.text)
    PWM0_1_Handler                           0x00000319   Thumb Code     2  startup_tm4c129.o(.text)
    PWM0_2_Handler                           0x0000031b   Thumb Code     2  startup_tm4c129.o(.text)
    QEI0_Handler                             0x0000031d   Thumb Code     2  startup_tm4c129.o(.text)
    ADC0SS0_Handler                          0x0000031f   Thumb Code     2  startup_tm4c129.o(.text)
    ADC0SS1_Handler                          0x00000321   Thumb Code     2  startup_tm4c129.o(.text)
    ADC0SS2_Handler                          0x00000323   Thumb Code     2  startup_tm4c129.o(.text)
    ADC0SS3_Handler                          0x00000325   Thumb Code     2  startup_tm4c129.o(.text)
    WDT0_Handler                             0x00000327   Thumb Code     2  startup_tm4c129.o(.text)
    TIMER0A_Handler                          0x00000329   Thumb Code     2  startup_tm4c129.o(.text)
    TIMER0B_Handler                          0x0000032b   Thumb Code     2  startup_tm4c129.o(.text)
    TIMER1A_Handler                          0x0000032d   Thumb Code     2  startup_tm4c129.o(.text)
    TIMER1B_Handler                          0x0000032f   Thumb Code     2  startup_tm4c129.o(.text)
    TIMER2A_Handler                          0x00000331   Thumb Code     2  startup_tm4c129.o(.text)
    TIMER2B_Handler                          0x00000333   Thumb Code     2  startup_tm4c129.o(.text)
    COMP0_Handler                            0x00000335   Thumb Code     2  startup_tm4c129.o(.text)
    COMP1_Handler                            0x00000337   Thumb Code     2  startup_tm4c129.o(.text)
    COMP2_Handler                            0x00000339   Thumb Code     2  startup_tm4c129.o(.text)
    SYSCTL_Handler                           0x0000033b   Thumb Code     2  startup_tm4c129.o(.text)
    FLASH_Handler                            0x0000033d   Thumb Code     2  startup_tm4c129.o(.text)
    GPIOF_Handler                            0x0000033f   Thumb Code     2  startup_tm4c129.o(.text)
    GPIOG_Handler                            0x00000341   Thumb Code     2  startup_tm4c129.o(.text)
    GPIOH_Handler                            0x00000343   Thumb Code     2  startup_tm4c129.o(.text)
    UART2_Handler                            0x00000345   Thumb Code     2  startup_tm4c129.o(.text)
    SSI1_Handler                             0x00000347   Thumb Code     2  startup_tm4c129.o(.text)
    TIMER3A_Handler                          0x00000349   Thumb Code     2  startup_tm4c129.o(.text)
    TIMER3B_Handler                          0x0000034b   Thumb Code     2  startup_tm4c129.o(.text)
    I2C1_Handler                             0x0000034d   Thumb Code     2  startup_tm4c129.o(.text)
    ETH_Handler                              0x00000353   Thumb Code     2  startup_tm4c129.o(.text)
    HIB_Handler                              0x00000355   Thumb Code     2  startup_tm4c129.o(.text)
    USB0_Handler                             0x00000357   Thumb Code     2  startup_tm4c129.o(.text)
    PWM0_3_Handler                           0x00000359   Thumb Code     2  startup_tm4c129.o(.text)
    UDMA_Handler                             0x0000035b   Thumb Code     2  startup_tm4c129.o(.text)
    UDMAERR_Handler                          0x0000035d   Thumb Code     2  startup_tm4c129.o(.text)
    ADC1SS0_Handler                          0x0000035f   Thumb Code     2  startup_tm4c129.o(.text)
    ADC1SS1_Handler                          0x00000361   Thumb Code     2  startup_tm4c129.o(.text)
    ADC1SS2_Handler                          0x00000363   Thumb Code     2  startup_tm4c129.o(.text)
    ADC1SS3_Handler                          0x00000365   Thumb Code     2  startup_tm4c129.o(.text)
    EBI0_Handler                             0x00000367   Thumb Code     2  startup_tm4c129.o(.text)
    GPIOJ_Handler                            0x00000369   Thumb Code     2  startup_tm4c129.o(.text)
    GPIOK_Handler                            0x0000036b   Thumb Code     2  startup_tm4c129.o(.text)
    GPIOL_Handler                            0x0000036d   Thumb Code     2  startup_tm4c129.o(.text)
    SSI2_Handler                             0x0000036f   Thumb Code     2  startup_tm4c129.o(.text)
    SSI3_Handler                             0x00000371   Thumb Code     2  startup_tm4c129.o(.text)
    UART3_Handler                            0x00000373   Thumb Code     2  startup_tm4c129.o(.text)
    UART4_Handler                            0x00000375   Thumb Code     2  startup_tm4c129.o(.text)
    UART5_Handler                            0x00000377   Thumb Code     2  startup_tm4c129.o(.text)
    UART6_Handler                            0x00000379   Thumb Code     2  startup_tm4c129.o(.text)
    UART7_Handler                            0x0000037b   Thumb Code     2  startup_tm4c129.o(.text)
    I2C2_Handler                             0x0000037d   Thumb Code     2  startup_tm4c129.o(.text)
    I2C3_Handler                             0x0000037f   Thumb Code     2  startup_tm4c129.o(.text)
    TIMER4A_Handler                          0x00000381   Thumb Code     2  startup_tm4c129.o(.text)
    TIMER4B_Handler                          0x00000383   Thumb Code     2  startup_tm4c129.o(.text)
    TIMER5A_Handler                          0x00000385   Thumb Code     2  startup_tm4c129.o(.text)
    TIMER5B_Handler                          0x00000387   Thumb Code     2  startup_tm4c129.o(.text)
    WTIMER0A_Handler                         0x00000389   Thumb Code     2  startup_tm4c129.o(.text)
    WTIMER0B_Handler                         0x0000038b   Thumb Code     2  startup_tm4c129.o(.text)
    WTIMER1A_Handler                         0x0000038d   Thumb Code     2  startup_tm4c129.o(.text)
    WTIMER1B_Handler                         0x0000038f   Thumb Code     2  startup_tm4c129.o(.text)
    WTIMER2A_Handler                         0x00000391   Thumb Code     2  startup_tm4c129.o(.text)
    WTIMER2B_Handler                         0x00000393   Thumb Code     2  startup_tm4c129.o(.text)
    WTIMER3A_Handler                         0x00000395   Thumb Code     2  startup_tm4c129.o(.text)
    WTIMER3B_Handler                         0x00000397   Thumb Code     2  startup_tm4c129.o(.text)
    WTIMER4A_Handler                         0x00000399   Thumb Code     2  startup_tm4c129.o(.text)
    WTIMER4B_Handler                         0x0000039b   Thumb Code     2  startup_tm4c129.o(.text)
    WTIMER5A_Handler                         0x0000039d   Thumb Code     2  startup_tm4c129.o(.text)
    WTIMER5B_Handler                         0x0000039f   Thumb Code     2  startup_tm4c129.o(.text)
    FPU_Handler                              0x000003a1   Thumb Code     2  startup_tm4c129.o(.text)
    I2C4_Handler                             0x000003a3   Thumb Code     2  startup_tm4c129.o(.text)
    I2C5_Handler                             0x000003a5   Thumb Code     2  startup_tm4c129.o(.text)
    GPIOM_Handler                            0x000003a7   Thumb Code     2  startup_tm4c129.o(.text)
    GPION_Handler                            0x000003a9   Thumb Code     2  startup_tm4c129.o(.text)
    TAMPER_Handler                           0x000003ab   Thumb Code     2  startup_tm4c129.o(.text)
    GPIOP0_Handler                           0x000003ad   Thumb Code     2  startup_tm4c129.o(.text)
    GPIOP1_Handler                           0x000003af   Thumb Code     2  startup_tm4c129.o(.text)
    GPIOP2_Handler                           0x000003b1   Thumb Code     2  startup_tm4c129.o(.text)
    GPIOP3_Handler                           0x000003b3   Thumb Code     2  startup_tm4c129.o(.text)
    GPIOP4_Handler                           0x000003b5   Thumb Code     2  startup_tm4c129.o(.text)
    GPIOP5_Handler                           0x000003b7   Thumb Code     2  startup_tm4c129.o(.text)
    GPIOP6_Handler                           0x000003b9   Thumb Code     2  startup_tm4c129.o(.text)
    GPIOP7_Handler                           0x000003bb   Thumb Code     2  startup_tm4c129.o(.text)
    GPIOQ0_Handler                           0x000003bd   Thumb Code     2  startup_tm4c129.o(.text)
    GPIOQ1_Handler                           0x000003bf   Thumb Code     2  startup_tm4c129.o(.text)
    GPIOQ2_Handler                           0x000003c1   Thumb Code     2  startup_tm4c129.o(.text)
    GPIOQ3_Handler                           0x000003c3   Thumb Code     2  startup_tm4c129.o(.text)
    GPIOQ4_Handler                           0x000003c5   Thumb Code     2  startup_tm4c129.o(.text)
    GPIOQ5_Handler                           0x000003c7   Thumb Code     2  startup_tm4c129.o(.text)
    GPIOQ6_Handler                           0x000003c9   Thumb Code     2  startup_tm4c129.o(.text)
    GPIOQ7_Handler                           0x000003cb   Thumb Code     2  startup_tm4c129.o(.text)
    GPIOR_Handler                            0x000003cd   Thumb Code     2  startup_tm4c129.o(.text)
    GPIOS_Handler                            0x000003cf   Thumb Code     2  startup_tm4c129.o(.text)
    SHAMD5_Handler                           0x000003d1   Thumb Code     2  startup_tm4c129.o(.text)
    AES_Handler                              0x000003d3   Thumb Code     2  startup_tm4c129.o(.text)
    DES3DES_Handler                          0x000003d5   Thumb Code     2  startup_tm4c129.o(.text)
    LCDCONTROLLER_Handler                    0x000003d7   Thumb Code     2  startup_tm4c129.o(.text)
    TIMER6A_Handler                          0x000003d9   Thumb Code     2  startup_tm4c129.o(.text)
    TIMER6B_Handler                          0x000003db   Thumb Code     2  startup_tm4c129.o(.text)
    TIMER7A_Handler                          0x000003dd   Thumb Code     2  startup_tm4c129.o(.text)
    TIMER7B_Handler                          0x000003df   Thumb Code     2  startup_tm4c129.o(.text)
    I2C6_Handler                             0x000003e1   Thumb Code     2  startup_tm4c129.o(.text)
    I2C7_Handler                             0x000003e3   Thumb Code     2  startup_tm4c129.o(.text)
    HIMSCANKEYBOARD_Handler                  0x000003e5   Thumb Code     2  startup_tm4c129.o(.text)
    ONEWIRE_Handler                          0x000003e7   Thumb Code     2  startup_tm4c129.o(.text)
    HIMPS2_Handler                           0x000003e9   Thumb Code     2  startup_tm4c129.o(.text)
    HIMLEDSEQUENCER_Handler                  0x000003eb   Thumb Code     2  startup_tm4c129.o(.text)
    HIMCONSUMERIR_Handler                    0x000003ed   Thumb Code     2  startup_tm4c129.o(.text)
    I2C8_Handler                             0x000003ef   Thumb Code     2  startup_tm4c129.o(.text)
    I2C9_Handler                             0x000003f1   Thumb Code     2  startup_tm4c129.o(.text)
    GPIOT_Handler                            0x000003f3   Thumb Code     2  startup_tm4c129.o(.text)
    __user_initial_stackheap                 0x000003f5   Thumb Code     0  startup_tm4c129.o(.text)
    __use_two_region_memory                  0x00000419   Thumb Code     2  heapauxi.o(.text)
    __rt_heap_escrow                         0x0000041b   Thumb Code     2  heapauxi.o(.text)
    __rt_heap_expand                         0x0000041d   Thumb Code     2  heapauxi.o(.text)
    __user_libspace                          0x00000421   Thumb Code     8  libspace.o(.text)
    __user_perproc_libspace                  0x00000421   Thumb Code     0  libspace.o(.text)
    __user_perthread_libspace                0x00000421   Thumb Code     0  libspace.o(.text)
    __I$use$semihosting                      0x00000429   Thumb Code     0  use_no_semi.o(.text)
    __use_no_semihosting_swi                 0x00000429   Thumb Code     2  use_no_semi.o(.text)
    __semihosting_library_function           0x0000042b   Thumb Code     0  indicate_semi.o(.text)
    __user_setup_stackheap                   0x0000042b   Thumb Code    74  sys_stackheap_outer.o(.text)
    exit                                     0x00000475   Thumb Code    18  exit.o(.text)
    _sys_exit                                0x00000489   Thumb Code     8  sys_exit.o(.text)
    CAN0_Handler                             0x00000495   Thumb Code   286  can.o(i.CAN0_Handler)
    CAN1_Handler                             0x000005d5   Thumb Code   276  can.o(i.CAN1_Handler)
    CANBitTimingSet                          0x00000705   Thumb Code   106  can.o(i.CANBitTimingSet)
    CANEnable                                0x0000076f   Thumb Code    10  can.o(i.CANEnable)
    CANInit                                  0x00000779   Thumb Code    66  can.o(i.CANInit)
    CANIntEnable                             0x000007bb   Thumb Code     8  can.o(i.CANIntEnable)
    CANIntRegister                           0x000007c5   Thumb Code    90  can.o(i.CANIntRegister)
    CANIntStatus                             0x00000831   Thumb Code    32  can.o(i.CANIntStatus)
    CANMessageGet                            0x00000851   Thumb Code   380  can.o(i.CANMessageGet)
    CANMessageSet                            0x000009cd   Thumb Code   360  can.o(i.CANMessageSet)
    FPUEnable                                0x00000b35   Thumb Code    12  fpu.o(i.FPUEnable)
    GPIODirModeSet                           0x00000b45   Thumb Code    40  gpio.o(i.GPIODirModeSet)
    GPIOIntClear                             0x00000b6d   Thumb Code     6  gpio.o(i.GPIOIntClear)
    GPIOIntEnable                            0x00000b73   Thumb Code    14  gpio.o(i.GPIOIntEnable)
    GPIOIntRegister                          0x00000b81   Thumb Code    70  gpio.o(i.GPIOIntRegister)
    GPIOIntTypeSet                           0x00000bd9   Thumb Code    80  gpio.o(i.GPIOIntTypeSet)
    GPIOPadConfigSet                         0x00000c29   Thumb Code   314  gpio.o(i.GPIOPadConfigSet)
    GPIOPinRead                              0x00000d63   Thumb Code     6  gpio.o(i.GPIOPinRead)
    GPIOPinTypeGPIOInput                     0x00000d69   Thumb Code    28  gpio.o(i.GPIOPinTypeGPIOInput)
    HardFault_Handler                        0x00000d85   Thumb Code    12  main.o(i.HardFault_Handler)
    IntEnable                                0x00000d91   Thumb Code    92  interrupt.o(i.IntEnable)
    IntMasterEnable                          0x00000df5   Thumb Code    14  interrupt.o(i.IntMasterEnable)
    IntPrioritySet                           0x00000e05   Thumb Code    36  interrupt.o(i.IntPrioritySet)
    IntRegister                              0x00000e2d   Thumb Code    44  interrupt.o(i.IntRegister)
    SetReceiveAll                            0x00000e61   Thumb Code   108  can.o(i.SetReceiveAll)
    SysCtlClockFreqSet                       0x00000ed1   Thumb Code   672  sysctl.o(i.SysCtlClockFreqSet)
    SysCtlPeripheralEnable                   0x00001199   Thumb Code    36  sysctl.o(i.SysCtlPeripheralEnable)
    SystemInit                               0x000011c1   Thumb Code    20  system_tm4c129.o(i.SystemInit)
    __use_realtime_heap                      0x000011e1   Thumb Code     2  fdtree.o(i.__use_realtime_heap)
    button_Init                              0x000011e5   Thumb Code    66  can.o(i.button_Init)
    button_int                               0x0000123d   Thumb Code   158  can.o(i.button_int)
    can_Init                                 0x000012ed   Thumb Code   192  can.o(i.can_Init)
    can_ResetFunctions                       0x000013d1   Thumb Code    20  can.o(i.can_ResetFunctions)
    int_Init                                 0x000013f5   Thumb Code    28  main.o(i.int_Init)
    led_Init                                 0x00001411   Thumb Code    38  main.o(i.led_Init)
    led_Set                                  0x00001445   Thumb Code    50  main.o(i.led_Set)
    main                                     0x00001481   Thumb Code    36  main.o(i.main)
    _fp_init                                 0x000014ad   Thumb Code    10  fpinit.o(x$fpl$fpinit)
    __fplib_config_fpu_vfp                   0x000014b5   Thumb Code     0  fpinit.o(x$fpl$fpinit)
    __fplib_config_pureend_doubles           0x000014b5   Thumb Code     0  fpinit.o(x$fpl$fpinit)
    Region$$Table$$Base                      0x00001998   Number         0  anon$$obj.o(Region$$Table)
    Region$$Table$$Limit                     0x000019b8   Number         0  anon$$obj.o(Region$$Table)
    messageCount                             0x20000000   Data           4  can.o(.data)
    throttleAdd                              0x20000004   Data           4  can.o(.data)
    throttleVal                              0x20000008   Data           4  can.o(.data)
    startRecord                              0x2000000c   Data           1  can.o(.data)
    startPlayback                            0x2000000d   Data           1  can.o(.data)
    SystemCoreClock                          0x20000038   Data           4  system_tm4c129.o(.data)
    __libspace_start                         0x20000714   Data          96  libspace.o(.bss)
    __temporary_stack_top$libspace           0x20000774   Data           0  libspace.o(.bss)



==============================================================================

Memory Map of the image

  Image Entry point : 0x000002e9

  Load Region LR_1 (Base: 0x00000000, Size: 0x00002024, Max: 0xffffffff, ABSOLUTE, COMPRESSED[0x000019d8])

    Execution Region ER_RO (Base: 0x00000000, Size: 0x000019b8, Max: 0xffffffff, ABSOLUTE)

    Base Addr    Size         Type   Attr      Idx    E Section Name        Object

    0x00000000   0x00000200   Data   RO          295    RESET               startup_tm4c129.o
    0x00000200   0x00000008   Code   RO         1698  * !!!main             c_w.l(__main.o)
    0x00000208   0x00000034   Code   RO         1903    !!!scatter          c_w.l(__scatter.o)
    0x0000023c   0x0000003a   Code   RO         1901    !!dczerorl          c_w.l(__dczerorl.o)
    0x00000276   0x00000002   PAD
    0x00000278   0x0000001c   Code   RO         1905    !!handler_zi        c_w.l(__scatter_zi.o)
    0x00000294   0x00000002   Code   RO         1840    .ARM.Collect$$libinit$$00000000  c_w.l(libinit.o)
    0x00000296   0x00000004   Code   RO         1726    .ARM.Collect$$libinit$$00000001  c_w.l(libinit2.o)
    0x0000029a   0x00000000   Code   RO         1729    .ARM.Collect$$libinit$$00000004  c_w.l(libinit2.o)
    0x0000029a   0x00000000   Code   RO         1732    .ARM.Collect$$libinit$$0000000A  c_w.l(libinit2.o)
    0x0000029a   0x00000000   Code   RO         1734    .ARM.Collect$$libinit$$0000000C  c_w.l(libinit2.o)
    0x0000029a   0x00000000   Code   RO         1736    .ARM.Collect$$libinit$$0000000E  c_w.l(libinit2.o)
    0x0000029a   0x00000000   Code   RO         1739    .ARM.Collect$$libinit$$00000011  c_w.l(libinit2.o)
    0x0000029a   0x00000000   Code   RO         1741    .ARM.Collect$$libinit$$00000013  c_w.l(libinit2.o)
    0x0000029a   0x00000000   Code   RO         1743    .ARM.Collect$$libinit$$00000015  c_w.l(libinit2.o)
    0x0000029a   0x00000000   Code   RO         1745    .ARM.Collect$$libinit$$00000017  c_w.l(libinit2.o)
    0x0000029a   0x00000000   Code   RO         1747    .ARM.Collect$$libinit$$00000019  c_w.l(libinit2.o)
    0x0000029a   0x00000000   Code   RO         1749    .ARM.Collect$$libinit$$0000001B  c_w.l(libinit2.o)
    0x0000029a   0x00000000   Code   RO         1751    .ARM.Collect$$libinit$$0000001D  c_w.l(libinit2.o)
    0x0000029a   0x00000000   Code   RO         1753    .ARM.Collect$$libinit$$0000001F  c_w.l(libinit2.o)
    0x0000029a   0x00000000   Code   RO         1755    .ARM.Collect$$libinit$$00000021  c_w.l(libinit2.o)
    0x0000029a   0x00000000   Code   RO         1757    .ARM.Collect$$libinit$$00000023  c_w.l(libinit2.o)
    0x0000029a   0x00000000   Code   RO         1759    .ARM.Collect$$libinit$$00000025  c_w.l(libinit2.o)
    0x0000029a   0x00000000   Code   RO         1763    .ARM.Collect$$libinit$$0000002C  c_w.l(libinit2.o)
    0x0000029a   0x00000000   Code   RO         1765    .ARM.Collect$$libinit$$0000002E  c_w.l(libinit2.o)
    0x0000029a   0x00000000   Code   RO         1767    .ARM.Collect$$libinit$$00000030  c_w.l(libinit2.o)
    0x0000029a   0x00000000   Code   RO         1769    .ARM.Collect$$libinit$$00000032  c_w.l(libinit2.o)
    0x0000029a   0x00000002   Code   RO         1770    .ARM.Collect$$libinit$$00000033  c_w.l(libinit2.o)
    0x0000029c   0x00000002   Code   RO         1898    .ARM.Collect$$libshutdown$$00000000  c_w.l(libshutdown.o)
    0x0000029e   0x00000000   Code   RO         1856    .ARM.Collect$$libshutdown$$00000002  c_w.l(libshutdown2.o)
    0x0000029e   0x00000000   Code   RO         1858    .ARM.Collect$$libshutdown$$00000004  c_w.l(libshutdown2.o)
    0x0000029e   0x00000000   Code   RO         1861    .ARM.Collect$$libshutdown$$00000007  c_w.l(libshutdown2.o)
    0x0000029e   0x00000000   Code   RO         1864    .ARM.Collect$$libshutdown$$0000000A  c_w.l(libshutdown2.o)
    0x0000029e   0x00000000   Code   RO         1866    .ARM.Collect$$libshutdown$$0000000C  c_w.l(libshutdown2.o)
    0x0000029e   0x00000000   Code   RO         1869    .ARM.Collect$$libshutdown$$0000000F  c_w.l(libshutdown2.o)
    0x0000029e   0x00000002   Code   RO         1870    .ARM.Collect$$libshutdown$$00000010  c_w.l(libshutdown2.o)
    0x000002a0   0x00000000   Code   RO         1702    .ARM.Collect$$rtentry$$00000000  c_w.l(__rtentry.o)
    0x000002a0   0x00000000   Code   RO         1777    .ARM.Collect$$rtentry$$00000002  c_w.l(__rtentry2.o)
    0x000002a0   0x00000006   Code   RO         1789    .ARM.Collect$$rtentry$$00000004  c_w.l(__rtentry4.o)
    0x000002a6   0x00000000   Code   RO         1779    .ARM.Collect$$rtentry$$00000009  c_w.l(__rtentry2.o)
    0x000002a6   0x00000004   Code   RO         1780    .ARM.Collect$$rtentry$$0000000A  c_w.l(__rtentry2.o)
    0x000002aa   0x00000000   Code   RO         1782    .ARM.Collect$$rtentry$$0000000C  c_w.l(__rtentry2.o)
    0x000002aa   0x00000008   Code   RO         1783    .ARM.Collect$$rtentry$$0000000D  c_w.l(__rtentry2.o)
    0x000002b2   0x00000002   Code   RO         1843    .ARM.Collect$$rtexit$$00000000  c_w.l(rtexit.o)
    0x000002b4   0x00000000   Code   RO         1874    .ARM.Collect$$rtexit$$00000002  c_w.l(rtexit2.o)
    0x000002b4   0x00000004   Code   RO         1875    .ARM.Collect$$rtexit$$00000003  c_w.l(rtexit2.o)
    0x000002b8   0x00000006   Code   RO         1876    .ARM.Collect$$rtexit$$00000004  c_w.l(rtexit2.o)
    0x000002be   0x00000002   PAD
    0x000002c0   0x00000026   Code   RO         1610    .emb_text           driverlib.lib(cpu.o)
    0x000002e6   0x00000002   PAD
    0x000002e8   0x00000130   Code   RO          296  * .text               startup_tm4c129.o
    0x00000418   0x00000006   Code   RO         1696    .text               c_w.l(heapauxi.o)
    0x0000041e   0x00000002   PAD
    0x00000420   0x00000008   Code   RO         1773    .text               c_w.l(libspace.o)
    0x00000428   0x00000002   Code   RO         1812    .text               c_w.l(use_no_semi.o)
    0x0000042a   0x00000000   Code   RO         1814    .text               c_w.l(indicate_semi.o)
    0x0000042a   0x0000004a   Code   RO         1815    .text               c_w.l(sys_stackheap_outer.o)
    0x00000474   0x00000012   Code   RO         1821    .text               c_w.l(exit.o)
    0x00000486   0x00000002   PAD
    0x00000488   0x0000000c   Code   RO         1841    .text               c_w.l(sys_exit.o)
    0x00000494   0x00000140   Code   RO          153    i.CAN0_Handler      can.o
    0x000005d4   0x00000130   Code   RO          154    i.CAN1_Handler      can.o
    0x00000704   0x0000006a   Code   RO          348    i.CANBitTimingSet   driverlib.lib(can.o)
    0x0000076e   0x0000000a   Code   RO          350    i.CANEnable         driverlib.lib(can.o)
    0x00000778   0x00000042   Code   RO          352    i.CANInit           driverlib.lib(can.o)
    0x000007ba   0x00000008   Code   RO          355    i.CANIntEnable      driverlib.lib(can.o)
    0x000007c2   0x00000002   PAD
    0x000007c4   0x0000006c   Code   RO          356    i.CANIntRegister    driverlib.lib(can.o)
    0x00000830   0x00000020   Code   RO          357    i.CANIntStatus      driverlib.lib(can.o)
    0x00000850   0x0000017c   Code   RO          360    i.CANMessageGet     driverlib.lib(can.o)
    0x000009cc   0x00000168   Code   RO          361    i.CANMessageSet     driverlib.lib(can.o)
    0x00000b34   0x00000010   Code   RO          502    i.FPUEnable         driverlib.lib(fpu.o)
    0x00000b44   0x00000028   Code   RO          569    i.GPIODirModeSet    driverlib.lib(gpio.o)
    0x00000b6c   0x00000006   Code   RO          570    i.GPIOIntClear      driverlib.lib(gpio.o)
    0x00000b72   0x0000000e   Code   RO          572    i.GPIOIntEnable     driverlib.lib(gpio.o)
    0x00000b80   0x00000058   Code   RO          573    i.GPIOIntRegister   driverlib.lib(gpio.o)
    0x00000bd8   0x00000050   Code   RO          576    i.GPIOIntTypeSet    driverlib.lib(gpio.o)
    0x00000c28   0x0000013a   Code   RO          579    i.GPIOPadConfigSet  driverlib.lib(gpio.o)
    0x00000d62   0x00000006   Code   RO          581    i.GPIOPinRead       driverlib.lib(gpio.o)
    0x00000d68   0x0000001c   Code   RO          589    i.GPIOPinTypeGPIOInput  driverlib.lib(gpio.o)
    0x00000d84   0x0000000c   Code   RO            4    i.HardFault_Handler  main.o
    0x00000d90   0x00000064   Code   RO          867    i.IntEnable         driverlib.lib(interrupt.o)
    0x00000df4   0x0000000e   Code   RO          870    i.IntMasterEnable   driverlib.lib(interrupt.o)
    0x00000e02   0x00000002   PAD
    0x00000e04   0x00000028   Code   RO          878    i.IntPrioritySet    driverlib.lib(interrupt.o)
    0x00000e2c   0x00000034   Code   RO          879    i.IntRegister       driverlib.lib(interrupt.o)
    0x00000e60   0x00000070   Code   RO          155    i.SetReceiveAll     can.o
    0x00000ed0   0x000002c8   Code   RO          981    i.SysCtlClockFreqSet  driverlib.lib(sysctl.o)
    0x00001198   0x00000028   Code   RO         1013    i.SysCtlPeripheralEnable  driverlib.lib(sysctl.o)
    0x000011c0   0x00000020   Code   RO          304    i.SystemInit        system_tm4c129.o
    0x000011e0   0x00000002   Code   RO         1688    i.__use_realtime_heap  c_w.l(fdtree.o)
    0x000011e2   0x00000002   PAD
    0x000011e4   0x00000058   Code   RO          156    i.button_Init       can.o
    0x0000123c   0x000000b0   Code   RO          157    i.button_int        can.o
    0x000012ec   0x000000e4   Code   RO          158    i.can_Init          can.o
    0x000013d0   0x00000024   Code   RO          160    i.can_ResetFunctions  can.o
    0x000013f4   0x0000001c   Code   RO            6    i.int_Init          main.o
    0x00001410   0x00000034   Code   RO            8    i.led_Init          main.o
    0x00001444   0x0000003c   Code   RO            9    i.led_Set           main.o
    0x00001480   0x0000002c   Code   RO           10    i.main              main.o
    0x000014ac   0x0000000a   Code   RO         1810    x$fpl$fpinit        fz_wm.l(fpinit.o)
    0x000014b6   0x00000002   PAD
    0x000014b8   0x00000210   Data   RO          612    .constdata          driverlib.lib(gpio.o)
    0x000016c8   0x0000010c   Data   RO          883    .constdata          driverlib.lib(interrupt.o)
    0x000017d4   0x000001c4   Data   RO         1034    .constdata          driverlib.lib(sysctl.o)
    0x00001998   0x00000020   Data   RO         1899    Region$$Table       anon$$obj.o


    Execution Region ER_RW (Base: 0x20000000, Size: 0x0000066c, Max: 0xffffffff, ABSOLUTE, COMPRESSED[0x00000020])

    Base Addr    Size         Type   Attr      Idx    E Section Name        Object

    0x20000000   0x00000038   Data   RW          165    .data               can.o
    0x20000038   0x00000004   Data   RW          305    .data               system_tm4c129.o
    0x2000003c   0x000003c4   PAD
    0x20000400   0x0000026c   Data   RW          884    vtable              driverlib.lib(interrupt.o)


    Execution Region ER_ZI (Base: 0x2000066c, Size: 0x0003f994, Max: 0xffffffff, ABSOLUTE)

    Base Addr    Size         Type   Attr      Idx    E Section Name        Object

    0x2000066c   0x000000a8   Zero   RW          163    .bss                can.o
    0x20000714   0x00000060   Zero   RW         1774    .bss                c_w.l(libspace.o)
    0x20000774   0x00000004   PAD
    0x20000778   0x0003f688   Zero   RW          294    HEAP                startup_tm4c129.o
    0x2003fe00   0x00000200   Zero   RW          293    STACK               startup_tm4c129.o


==============================================================================

Image component sizes


      Code (inc. data)   RO Data    RW Data    ZI Data      Debug   Object Name

      1264        158          0         56        168       8850   can.o
       196         32          0          0          0       7263   main.o
       304         26        512          0     260232       6016   startup_tm4c129.o
        32         12          0          4          0        735   system_tm4c129.o

    ----------------------------------------------------------------------
      1796        228        544       1024     260400      22864   Object Totals
         0          0         32          0          0          0   (incl. Generated)
         0          0          0        964          0          0   (incl. Padding)

    ----------------------------------------------------------------------

      Code (inc. data)   RO Data    RW Data    ZI Data      Debug   Library Member Name

        58          0          0          0          0          0   __dczerorl.o
         8          0          0          0          0         68   __main.o
         0          0          0          0          0          0   __rtentry.o
        12          0          0          0          0          0   __rtentry2.o
         6          0          0          0          0          0   __rtentry4.o
        52          8          0          0          0          0   __scatter.o
        28          0          0          0          0          0   __scatter_zi.o
        18          0          0          0          0         80   exit.o
         2          0          0          0          0         68   fdtree.o
         6          0          0          0          0        152   heapauxi.o
         0          0          0          0          0          0   indicate_semi.o
         2          0          0          0          0          0   libinit.o
         6          0          0          0          0          0   libinit2.o
         2          0          0          0          0          0   libshutdown.o
         2          0          0          0          0          0   libshutdown2.o
         8          4          0          0         96         68   libspace.o
         2          0          0          0          0          0   rtexit.o
        10          0          0          0          0          0   rtexit2.o
        12          4          0          0          0         68   sys_exit.o
        74          0          0          0          0         80   sys_stackheap_outer.o
         2          0          0          0          0         68   use_no_semi.o
      1070         24          0          0          0      10943   can.o
        38          0          0          0          0        504   cpu.o
        16          4          0          0          0        376   fpu.o
       576         18        528          0          0       5103   gpio.o
       206         20        268        620          0       2805   interrupt.o
       752         44        452          0          0       3654   sysctl.o
        10          0          0          0          0        116   fpinit.o

    ----------------------------------------------------------------------
      2996        126       1248        620        100      24153   Library Totals
        18          0          0          0          4          0   (incl. Padding)

    ----------------------------------------------------------------------

      Code (inc. data)   RO Data    RW Data    ZI Data      Debug   Library Name

       310         16          0          0         96        652   c_w.l
      2658        110       1248        620          0      23385   driverlib.lib
        10          0          0          0          0        116   fz_wm.l

    ----------------------------------------------------------------------
      2996        126       1248        620        100      24153   Library Totals

    ----------------------------------------------------------------------

==============================================================================


      Code (inc. data)   RO Data    RW Data    ZI Data      Debug   

      4792        354       1792       1644     260500      43709   Grand Totals
      4792        354       1792         32     260500      43709   ELF Image Totals (compressed)
      4792        354       1792         32          0          0   ROM Totals

==============================================================================

    Total RO  Size (Code + RO Data)                 6584 (   6.43kB)
    Total RW  Size (RW Data + ZI Data)            262144 ( 256.00kB)
    Total ROM Size (Code + RO Data + RW Data)       6616 (   6.46kB)

==============================================================================

