<html>
<body>
<pre>
<h1>µVision Build Log</h1>
<h2>Tool Versions:</h2>
IDE-Version: µVision V5.17.0.0
Copyright (C) 2015 ARM Ltd and ARM Germany GmbH. All rights reserved.
License Information: Tyler Windows User, Windows User, LIC=----
 
Tool Versions:
Toolchain:       MDK-Lite  Version: 5.17
Toolchain Path:  C:\Keil_v5\ARM\ARMCC\Bin
C Compiler:      Armcc.exe V5.06 update 1 (build 61)
Assembler:       Armasm.exe V5.06 update 1 (build 61)
Linker/Locator:  ArmLink.exe V5.06 update 1 (build 61)
Library Manager: ArmAr.exe V5.06 update 1 (build 61)
Hex Converter:   FromElf.exe V5.06 update 1 (build 61)
CPU DLL:         SARMCM3.DLL V5.17
Dialog DLL:      DCM.DLL V1.13.4.0
Target DLL:      lmidk-agdi.dll V???
Dialog DLL:      TCM.DLL V1.14.6.0
 
<h2>Project:</h2>
C:\Users\a01094955\Desktop\CANplayOverOBDII\main.uvprojx
Project File Date:  03/25/2016

<h2>Output:</h2>
*** Using Compiler 'V5.06 update 1 (build 61)', folder: 'C:\Keil_v5\ARM\ARMCC\Bin'
Rebuild target 'Target 1'
compiling list.c...
assembling startup_TM4C129.s...
compiling system_tm4c129.c...
compiling main.c...
compiling can.c...
can.c(68): warning:  #177-D: variable "dummy" was declared but never referenced
  	int dummy = 0;
can.c(69): warning:  #177-D: variable "testData" was declared but never referenced
  	uint8_t testData[8] = { 0x00, 0x11, 0x22, 0x33, 0x44, 0x55, 0x66, 0x77 };
can.c(70): warning:  #177-D: variable "localMessageCount" was declared but never referenced
  	unsigned int *localMessageCount = &messageCount;
can.c(54): warning:  #177-D: variable "can1_txid" was declared but never referenced
  static int can1_txid = 24;
can.c(56): warning:  #550-D: variable "can0_log_entries" was set but never used
  static LogEntry can0_log_entries[3];
can.c: 5 warnings, 0 errors
linking...
Program Size: Code=4792 RO-data=1792 RW-data=1644 ZI-data=260500  
".\Objects\main.axf" - 0 Error(s), 5 Warning(s).

<h2>Software Packages used:</h2>

Package Vendor: ARM
                http://www.keil.com/pack/ARM.CMSIS.4.5.0.pack
                ARM::CMSIS:CORE:4.3.0
                CMSIS (Cortex Microcontroller Software Interface Standard)
   * Component: CORE Version: 4.3.0

Package Vendor: Keil
                http://www.keil.com/pack/Keil.TM4C_DFP.1.0.0.pack
                Keil::Device:Startup:1.0.0
                Texas Instruments Tiva C Series Device Support and Examples
   * Component: Startup Version: 1.0.0

<h2>Collection of Component include folders:</h2>
  C:\Users\a01094955\Desktop\CANplayOverOBDII\RTE
  C:\Keil_v5\ARM\PACK\ARM\CMSIS\4.5.0\CMSIS\Include
  C:\Keil_v5\ARM\PACK\Keil\TM4C_DFP\1.0.0\Device\Include\TM4C129

<h2>Collection of Component Files used:</h2>

   * Component: ARM::CMSIS:CORE:4.3.0

   * Component: Keil::Device:Startup:1.0.0
      Include file:  Device\Include\TM4C129\TM4C129.h
      Source file:   Device\Source\ARM\startup_TM4C129.s
      Source file:   Device\Source\system_tm4c129.c
Build Time Elapsed:  00:00:01
</pre>
</body>
</html>
